Archive member included to satisfy reference by file (symbol)

c:/st/stm32cubeide_1.11.0/stm32cubeide/plugins/com.st.stm32cube.ide.mcu.externaltools.gnu-tools-for-stm32.10.3-2021.10.win32_1.0.100.202210260954/tools/bin/../lib/gcc/arm-none-eabi/10.3.1/../../../../arm-none-eabi/lib/thumb/v7e-m+fp/hard\libc_nano.a(lib_a-errno.o)
                              ./Core/Src/syscalls.o (__errno)
c:/st/stm32cubeide_1.11.0/stm32cubeide/plugins/com.st.stm32cube.ide.mcu.externaltools.gnu-tools-for-stm32.10.3-2021.10.win32_1.0.100.202210260954/tools/bin/../lib/gcc/arm-none-eabi/10.3.1/../../../../arm-none-eabi/lib/thumb/v7e-m+fp/hard\libc_nano.a(lib_a-exit.o)
                              c:/st/stm32cubeide_1.11.0/stm32cubeide/plugins/com.st.stm32cube.ide.mcu.externaltools.gnu-tools-for-stm32.10.3-2021.10.win32_1.0.100.202210260954/tools/bin/../lib/gcc/arm-none-eabi/10.3.1/../../../../arm-none-eabi/lib/thumb/v7e-m+fp/hard/crt0.o (exit)
c:/st/stm32cubeide_1.11.0/stm32cubeide/plugins/com.st.stm32cube.ide.mcu.externaltools.gnu-tools-for-stm32.10.3-2021.10.win32_1.0.100.202210260954/tools/bin/../lib/gcc/arm-none-eabi/10.3.1/../../../../arm-none-eabi/lib/thumb/v7e-m+fp/hard\libc_nano.a(lib_a-impure.o)
                              c:/st/stm32cubeide_1.11.0/stm32cubeide/plugins/com.st.stm32cube.ide.mcu.externaltools.gnu-tools-for-stm32.10.3-2021.10.win32_1.0.100.202210260954/tools/bin/../lib/gcc/arm-none-eabi/10.3.1/../../../../arm-none-eabi/lib/thumb/v7e-m+fp/hard\libc_nano.a(lib_a-exit.o) (_global_impure_ptr)
c:/st/stm32cubeide_1.11.0/stm32cubeide/plugins/com.st.stm32cube.ide.mcu.externaltools.gnu-tools-for-stm32.10.3-2021.10.win32_1.0.100.202210260954/tools/bin/../lib/gcc/arm-none-eabi/10.3.1/../../../../arm-none-eabi/lib/thumb/v7e-m+fp/hard\libc_nano.a(lib_a-init.o)
                              c:/st/stm32cubeide_1.11.0/stm32cubeide/plugins/com.st.stm32cube.ide.mcu.externaltools.gnu-tools-for-stm32.10.3-2021.10.win32_1.0.100.202210260954/tools/bin/../lib/gcc/arm-none-eabi/10.3.1/../../../../arm-none-eabi/lib/thumb/v7e-m+fp/hard/crt0.o (__libc_init_array)
c:/st/stm32cubeide_1.11.0/stm32cubeide/plugins/com.st.stm32cube.ide.mcu.externaltools.gnu-tools-for-stm32.10.3-2021.10.win32_1.0.100.202210260954/tools/bin/../lib/gcc/arm-none-eabi/10.3.1/../../../../arm-none-eabi/lib/thumb/v7e-m+fp/hard\libc_nano.a(lib_a-malloc.o)
                              ./Middlewares/ST/STM32_USB_Host_Library/Class/CDC/Src/usbh_cdc.o (malloc)
c:/st/stm32cubeide_1.11.0/stm32cubeide/plugins/com.st.stm32cube.ide.mcu.externaltools.gnu-tools-for-stm32.10.3-2021.10.win32_1.0.100.202210260954/tools/bin/../lib/gcc/arm-none-eabi/10.3.1/../../../../arm-none-eabi/lib/thumb/v7e-m+fp/hard\libc_nano.a(lib_a-memcpy-stub.o)
                              ./Middlewares/Third_Party/FreeRTOS/Source/queue.o (memcpy)
c:/st/stm32cubeide_1.11.0/stm32cubeide/plugins/com.st.stm32cube.ide.mcu.externaltools.gnu-tools-for-stm32.10.3-2021.10.win32_1.0.100.202210260954/tools/bin/../lib/gcc/arm-none-eabi/10.3.1/../../../../arm-none-eabi/lib/thumb/v7e-m+fp/hard\libc_nano.a(lib_a-memset.o)
                              c:/st/stm32cubeide_1.11.0/stm32cubeide/plugins/com.st.stm32cube.ide.mcu.externaltools.gnu-tools-for-stm32.10.3-2021.10.win32_1.0.100.202210260954/tools/bin/../lib/gcc/arm-none-eabi/10.3.1/../../../../arm-none-eabi/lib/thumb/v7e-m+fp/hard/crt0.o (memset)
c:/st/stm32cubeide_1.11.0/stm32cubeide/plugins/com.st.stm32cube.ide.mcu.externaltools.gnu-tools-for-stm32.10.3-2021.10.win32_1.0.100.202210260954/tools/bin/../lib/gcc/arm-none-eabi/10.3.1/../../../../arm-none-eabi/lib/thumb/v7e-m+fp/hard\libc_nano.a(lib_a-nano-freer.o)
                              c:/st/stm32cubeide_1.11.0/stm32cubeide/plugins/com.st.stm32cube.ide.mcu.externaltools.gnu-tools-for-stm32.10.3-2021.10.win32_1.0.100.202210260954/tools/bin/../lib/gcc/arm-none-eabi/10.3.1/../../../../arm-none-eabi/lib/thumb/v7e-m+fp/hard\libc_nano.a(lib_a-malloc.o) (_free_r)
c:/st/stm32cubeide_1.11.0/stm32cubeide/plugins/com.st.stm32cube.ide.mcu.externaltools.gnu-tools-for-stm32.10.3-2021.10.win32_1.0.100.202210260954/tools/bin/../lib/gcc/arm-none-eabi/10.3.1/../../../../arm-none-eabi/lib/thumb/v7e-m+fp/hard\libc_nano.a(lib_a-nano-mallocr.o)
                              c:/st/stm32cubeide_1.11.0/stm32cubeide/plugins/com.st.stm32cube.ide.mcu.externaltools.gnu-tools-for-stm32.10.3-2021.10.win32_1.0.100.202210260954/tools/bin/../lib/gcc/arm-none-eabi/10.3.1/../../../../arm-none-eabi/lib/thumb/v7e-m+fp/hard\libc_nano.a(lib_a-malloc.o) (_malloc_r)
c:/st/stm32cubeide_1.11.0/stm32cubeide/plugins/com.st.stm32cube.ide.mcu.externaltools.gnu-tools-for-stm32.10.3-2021.10.win32_1.0.100.202210260954/tools/bin/../lib/gcc/arm-none-eabi/10.3.1/../../../../arm-none-eabi/lib/thumb/v7e-m+fp/hard\libc_nano.a(lib_a-sbrkr.o)
[...]
Memory Configuration

Name             Origin             Length             Attributes
CCMRAM           0x0000000010000000 0x0000000000010000 xrw
RAM              0x0000000020000000 0x0000000000030000 xrw
FLASH            0x0000000008000000 0x0000000000200000 xr
*default*        0x0000000000000000 0xffffffffffffffff

Linker script and memory map

LOAD c:/st/stm32cubeide_1.11.0/stm32cubeide/plugins/com.st.stm32cube.ide.mcu.externaltools.gnu-tools-for-stm32.10.3-2021.10.win32_1.0.100.202210260954/tools/bin/../lib/gcc/arm-none-eabi/10.3.1/thumb/v7e-m+fp/hard/crti.o
LOAD c:/st/stm32cubeide_1.11.0/stm32cubeide/plugins/com.st.stm32cube.ide.mcu.externaltools.gnu-tools-for-stm32.10.3-2021.10.win32_1.0.100.202210260954/tools/bin/../lib/gcc/arm-none-eabi/10.3.1/thumb/v7e-m+fp/hard/crtbegin.o
LOAD c:/st/stm32cubeide_1.11.0/stm32cubeide/plugins/com.st.stm32cube.ide.mcu.externaltools.gnu-tools-for-stm32.10.3-2021.10.win32_1.0.100.202210260954/tools/bin/../lib/gcc/arm-none-eabi/10.3.1/../../../../arm-none-eabi/lib/thumb/v7e-m+fp/hard/crt0.o
LOAD ./Core/Src/freertos.o
LOAD ./Core/Src/main.o
LOAD ./Core/Src/stm32f4xx_hal_msp.o
LOAD ./Core/Src/stm32f4xx_hal_timebase_tim.o
LOAD ./Core/Src/stm32f4xx_it.o
LOAD ./Core/Src/syscalls.o
LOAD ./Core/Src/sysmem.o
LOAD ./Core/Src/system_stm32f4xx.o
LOAD ./Core/Startup/startup_stm32f429zitx.o
LOAD ./Drivers/STM32F4xx_HAL_Driver/Src/stm32f4xx_hal.o
LOAD ./Drivers/STM32F4xx_HAL_Driver/Src/stm32f4xx_hal_cortex.o
LOAD ./Drivers/STM32F4xx_HAL_Driver/Src/stm32f4xx_hal_crc.o
LOAD ./Drivers/STM32F4xx_HAL_Driver/Src/stm32f4xx_hal_dma.o
LOAD ./Drivers/STM32F4xx_HAL_Driver/Src/stm32f4xx_hal_dma2d.o
LOAD ./Drivers/STM32F4xx_HAL_Driver/Src/stm32f4xx_hal_dma_ex.o
LOAD ./Drivers/STM32F4xx_HAL_Driver/Src/stm32f4xx_hal_dsi.o
LOAD ./Drivers/STM32F4xx_HAL_Driver/Src/stm32f4xx_hal_exti.o
LOAD ./Drivers/STM32F4xx_HAL_Driver/Src/stm32f4xx_hal_flash.o
LOAD ./Drivers/STM32F4xx_HAL_Driver/Src/stm32f4xx_hal_flash_ex.o
LOAD ./Drivers/STM32F4xx_HAL_Driver/Src/stm32f4xx_hal_flash_ramfunc.o
LOAD ./Drivers/STM32F4xx_HAL_Driver/Src/stm32f4xx_hal_gpio.o
LOAD ./Drivers/STM32F4xx_HAL_Driver/Src/stm32f4xx_hal_hcd.o
LOAD ./Drivers/STM32F4xx_HAL_Driver/Src/stm32f4xx_hal_i2c.o
LOAD ./Drivers/STM32F4xx_HAL_Driver/Src/stm32f4xx_hal_i2c_ex.o
LOAD ./Drivers/STM32F4xx_HAL_Driver/Src/stm32f4xx_hal_ltdc.o
LOAD ./Drivers/STM32F4xx_HAL_Driver/Src/stm32f4xx_hal_ltdc_ex.o
LOAD ./Drivers/STM32F4xx_HAL_Driver/Src/stm32f4xx_hal_pwr.o
LOAD ./Drivers/STM32F4xx_HAL_Driver/Src/stm32f4xx_hal_pwr_ex.o
LOAD ./Drivers/STM32F4xx_HAL_Driver/Src/stm32f4xx_hal_rcc.o
LOAD ./Drivers/STM32F4xx_HAL_Driver/Src/stm32f4xx_hal_rcc_ex.o
LOAD ./Drivers/STM32F4xx_HAL_Driver/Src/stm32f4xx_hal_sdram.o
LOAD ./Drivers/STM32F4xx_HAL_Driver/Src/stm32f4xx_hal_spi.o
LOAD ./Drivers/STM32F4xx_HAL_Driver/Src/stm32f4xx_hal_tim.o
LOAD ./Drivers/STM32F4xx_HAL_Driver/Src/stm32f4xx_hal_tim_ex.o
LOAD ./Drivers/STM32F4xx_HAL_Driver/Src/stm32f4xx_hal_uart.o
LOAD ./Drivers/STM32F4xx_HAL_Driver/Src/stm32f4xx_ll_fmc.o
LOAD ./Drivers/STM32F4xx_HAL_Driver/Src/stm32f4xx_ll_usb.o
LOAD ./Middlewares/ST/STM32_USB_Host_Library/Class/CDC/Src/usbh_cdc.o
LOAD ./Middlewares/ST/STM32_USB_Host_Library/Core/Src/usbh_core.o
LOAD ./Middlewares/ST/STM32_USB_Host_Library/Core/Src/usbh_ctlreq.o
LOAD ./Middlewares/ST/STM32_USB_Host_Library/Core/Src/usbh_ioreq.o
LOAD ./Middlewares/ST/STM32_USB_Host_Library/Core/Src/usbh_pipes.o
LOAD ./Middlewares/Third_Party/FreeRTOS/Source/CMSIS_RTOS/cmsis_os.o
LOAD ./Middlewares/Third_Party/FreeRTOS/Source/croutine.o
LOAD ./Middlewares/Third_Party/FreeRTOS/Source/event_groups.o
LOAD ./Middlewares/Third_Party/FreeRTOS/Source/list.o
LOAD ./Middlewares/Third_Party/FreeRTOS/Source/queue.o
LOAD ./Middlewares/Third_Party/FreeRTOS/Source/stream_buffer.o
LOAD ./Middlewares/Third_Party/FreeRTOS/Source/tasks.o
LOAD ./Middlewares/Third_Party/FreeRTOS/Source/timers.o
LOAD ./Middlewares/Third_Party/FreeRTOS/Source/portable/GCC/ARM_CM4F/port.o
LOAD ./Middlewares/Third_Party/FreeRTOS/Source/portable/MemMang/heap_4.o
LOAD ./USB_HOST/App/usb_host.o
LOAD ./USB_HOST/Target/usbh_conf.o
LOAD ./USB_HOST/Target/usbh_platform.o
START GROUP
LOAD c:/st/stm32cubeide_1.11.0/stm32cubeide/plugins/com.st.stm32cube.ide.mcu.externaltools.gnu-tools-for-stm32.10.3-2021.10.win32_1.0.100.202210260954/tools/bin/../lib/gcc/arm-none-eabi/10.3.1/../../../../arm-none-eabi/lib/thumb/v7e-m+fp/hard\libc_nano.a
LOAD c:/st/stm32cubeide_1.11.0/stm32cubeide/plugins/com.st.stm32cube.ide.mcu.externaltools.gnu-tools-for-stm32.10.3-2021.10.win32_1.0.100.202210260954/tools/bin/../lib/gcc/arm-none-eabi/10.3.1/../../../../arm-none-eabi/lib/thumb/v7e-m+fp/hard\libm.a
END GROUP
START GROUP
LOAD c:/st/stm32cubeide_1.11.0/stm32cubeide/plugins/com.st.stm32cube.ide.mcu.externaltools.gnu-tools-for-stm32.10.3-2021.10.win32_1.0.100.202210260954/tools/bin/../lib/gcc/arm-none-eabi/10.3.1/thumb/v7e-m+fp/hard\libgcc.a
LOAD c:/st/stm32cubeide_1.11.0/stm32cubeide/plugins/com.st.stm32cube.ide.mcu.externaltools.gnu-tools-for-stm32.10.3-2021.10.win32_1.0.100.202210260954/tools/bin/../lib/gcc/arm-none-eabi/10.3.1/../../../../arm-none-eabi/lib/thumb/v7e-m+fp/hard\libc_nano.a
END GROUP
START GROUP
LOAD c:/st/stm32cubeide_1.11.0/stm32cubeide/plugins/com.st.stm32cube.ide.mcu.externaltools.gnu-tools-for-stm32.10.3-2021.10.win32_1.0.100.202210260954/tools/bin/../lib/gcc/arm-none-eabi/10.3.1/thumb/v7e-m+fp/hard\libgcc.a
LOAD c:/st/stm32cubeide_1.11.0/stm32cubeide/plugins/com.st.stm32cube.ide.mcu.externaltools.gnu-tools-for-stm32.10.3-2021.10.win32_1.0.100.202210260954/tools/bin/../lib/gcc/arm-none-eabi/10.3.1/../../../../arm-none-eabi/lib/thumb/v7e-m+fp/hard\libc_nano.a
LOAD c:/st/stm32cubeide_1.11.0/stm32cubeide/plugins/com.st.stm32cube.ide.mcu.externaltools.gnu-tools-for-stm32.10.3-2021.10.win32_1.0.100.202210260954/tools/bin/../lib/gcc/arm-none-eabi/10.3.1/../../../../arm-none-eabi/lib/thumb/v7e-m+fp/hard\libnosys.a
END GROUP
START GROUP
LOAD c:/st/stm32cubeide_1.11.0/stm32cubeide/plugins/com.st.stm32cube.ide.mcu.externaltools.gnu-tools-for-stm32.10.3-2021.10.win32_1.0.100.202210260954/tools/bin/../lib/gcc/arm-none-eabi/10.3.1/thumb/v7e-m+fp/hard\libgcc.a
LOAD c:/st/stm32cubeide_1.11.0/stm32cubeide/plugins/com.st.stm32cube.ide.mcu.externaltools.gnu-tools-for-stm32.10.3-2021.10.win32_1.0.100.202210260954/tools/bin/../lib/gcc/arm-none-eabi/10.3.1/../../../../arm-none-eabi/lib/thumb/v7e-m+fp/hard\libc_nano.a
LOAD c:/st/stm32cubeide_1.11.0/stm32cubeide/plugins/com.st.stm32cube.ide.mcu.externaltools.gnu-tools-for-stm32.10.3-2021.10.win32_1.0.100.202210260954/tools/bin/../lib/gcc/arm-none-eabi/10.3.1/../../../../arm-none-eabi/lib/thumb/v7e-m+fp/hard\libnosys.a
END GROUP
LOAD c:/st/stm32cubeide_1.11.0/stm32cubeide/plugins/com.st.stm32cube.ide.mcu.externaltools.gnu-tools-for-stm32.10.3-2021.10.win32_1.0.100.202210260954/tools/bin/../lib/gcc/arm-none-eabi/10.3.1/thumb/v7e-m+fp/hard/crtend.o
LOAD c:/st/stm32cubeide_1.11.0/stm32cubeide/plugins/com.st.stm32cube.ide.mcu.externaltools.gnu-tools-for-stm32.10.3-2021.10.win32_1.0.100.202210260954/tools/bin/../lib/gcc/arm-none-eabi/10.3.1/thumb/v7e-m+fp/hard/crtn.o
                0x0000000020030000                _estack = (ORIGIN (RAM) + LENGTH (RAM))
                0x0000000000000200                _Min_Heap_Size = 0x200
                0x0000000000000400                _Min_Stack_Size = 0x400

.isr_vector     0x0000000008000000      0x1ac
                0x0000000008000000                . = ALIGN (0x4)
 *(.isr_vector)
 .isr_vector    0x0000000008000000      0x1ac ./Core/Startup/startup_stm32f429zitx.o
                0x0000000008000000                g_pfnVectors
                0x00000000080001ac                . = ALIGN (0x4)

.text           0x00000000080001b0     0xd2e8
                0x00000000080001b0                . = ALIGN (0x4)
 *(.text)
 .text          0x00000000080001b0       0x40 c:/st/stm32cubeide_1.11.0/stm32cubeide/plugins/com.st.stm32cube.ide.mcu.externaltools.gnu-tools-for-stm32.10.3-2021.10.win32_1.0.100.202210260954/tools/bin/../lib/gcc/arm-none-eabi/10.3.1/thumb/v7e-m+fp/hard/crtbegin.o
 .text          0x00000000080001f0       0xa0 c:/st/stm32cubeide_1.11.0/stm32cubeide/plugins/com.st.stm32cube.ide.mcu.externaltools.gnu-tools-for-stm32.10.3-2021.10.win32_1.0.100.202210260954/tools/bin/../lib/gcc/arm-none-eabi/10.3.1/../../../../arm-none-eabi/lib/thumb/v7e-m+fp/hard\libc_nano.a(lib_a-memchr.o)
                0x00000000080001f0                memchr
 .text          0x0000000008000290       0x30 c:/st/stm32cubeide_1.11.0/stm32cubeide/plugins/com.st.stm32cube.ide.mcu.externaltools.gnu-tools-for-stm32.10.3-2021.10.win32_1.0.100.202210260954/tools/bin/../lib/gcc/arm-none-eabi/10.3.1/thumb/v7e-m+fp/hard\libgcc.a(_aeabi_uldivmod.o)
                0x0000000008000290                __aeabi_uldivmod
 .text          0x00000000080002c0      0x2d0 c:/st/stm32cubeide_1.11.0/stm32cubeide/plugins/com.st.stm32cube.ide.mcu.externaltools.gnu-tools-for-stm32.10.3-2021.10.win32_1.0.100.202210260954/tools/bin/../lib/gcc/arm-none-eabi/10.3.1/thumb/v7e-m+fp/hard\libgcc.a(_udivmoddi4.o)
                0x00000000080002c0                __udivmoddi4
 .text          0x0000000008000590        0x4 c:/st/stm32cubeide_1.11.0/stm32cubeide/plugins/com.st.stm32cube.ide.mcu.externaltools.gnu-tools-for-stm32.10.3-2021.10.win32_1.0.100.202210260954/tools/bin/../lib/gcc/arm-none-eabi/10.3.1/thumb/v7e-m+fp/hard\libgcc.a(_dvmd_tls.o)
                0x0000000008000590                __aeabi_idiv0
                0x0000000008000590                __aeabi_ldiv0
 *(.text*)
 .text.vApplicationIdleHook
                0x0000000008000594        0xe ./Core/Src/freertos.o
                0x0000000008000594                vApplicationIdleHook
 .text.vApplicationStackOverflowHook
                0x00000000080005a2       0x16 ./Core/Src/freertos.o
                0x00000000080005a2                vApplicationStackOverflowHook
 .text.vApplicationMallocFailedHook
                0x00000000080005b8        0xe ./Core/Src/freertos.o
                0x00000000080005b8                vApplicationMallocFailedHook
 *fill*         0x00000000080005c6        0x2 
 .text.vApplicationGetIdleTaskMemory
                0x00000000080005c8       0x34 ./Core/Src/freertos.o
                0x00000000080005c8                vApplicationGetIdleTaskMemory
 .text.__io_putchar
                0x00000000080005fc       0x24 ./Core/Src/main.o
                0x00000000080005fc                __io_putchar
 .text.main     0x0000000008000620       0x58 ./Core/Src/main.o
                0x0000000008000620                main
 .text.SystemClock_Config
                0x0000000008000678       0xd4 ./Core/Src/main.o
                0x0000000008000678                SystemClock_Config
 .text.MX_CRC_Init
                0x000000000800074c       0x28 ./Core/Src/main.o
 .text.MX_DMA2D_Init
                0x0000000008000774       0x64 ./Core/Src/main.o
 .text.MX_I2C3_Init
                0x00000000080007d8       0x80 ./Core/Src/main.o
 .text.MX_LTDC_Init
                0x0000000008000858      0x100 ./Core/Src/main.o
 .text.MX_SPI5_Init
                0x0000000008000958       0x6c ./Core/Src/main.o
 .text.MX_TIM1_Init
                0x00000000080009c4       0xa0 ./Core/Src/main.o
 .text.MX_USART1_UART_Init
                0x0000000008000a64       0x54 ./Core/Src/main.o
 .text.MX_FMC_Init
                0x0000000008000ab8       0xa0 ./Core/Src/main.o
 .text.MX_GPIO_Init
                0x0000000008000b58      0x220 ./Core/Src/main.o
 .text.StartDefaultTask
                0x0000000008000d78       0x20 ./Core/Src/main.o
                0x0000000008000d78                StartDefaultTask
 .text.myPrintFunction
                0x0000000008000d98       0x24 ./Core/Src/main.o
                0x0000000008000d98                myPrintFunction
 .text.HAL_TIM_PeriodElapsedCallback
                0x0000000008000dbc       0x24 ./Core/Src/main.o
                0x0000000008000dbc                HAL_TIM_PeriodElapsedCallback
 .text.Error_Handler
                0x0000000008000de0        0xa ./Core/Src/main.o
                0x0000000008000de0                Error_Handler
 *fill*         0x0000000008000dea        0x2 
 .text.HAL_MspInit
                0x0000000008000dec       0x58 ./Core/Src/stm32f4xx_hal_msp.o
                0x0000000008000dec                HAL_MspInit
 .text.HAL_CRC_MspInit
                0x0000000008000e44       0x44 ./Core/Src/stm32f4xx_hal_msp.o
                0x0000000008000e44                HAL_CRC_MspInit
 .text.HAL_DMA2D_MspInit
                0x0000000008000e88       0x50 ./Core/Src/stm32f4xx_hal_msp.o
                0x0000000008000e88                HAL_DMA2D_MspInit
 .text.HAL_I2C_MspInit
                0x0000000008000ed8       0xd4 ./Core/Src/stm32f4xx_hal_msp.o
                0x0000000008000ed8                HAL_I2C_MspInit
 .text.HAL_LTDC_MspInit
                0x0000000008000fac      0x260 ./Core/Src/stm32f4xx_hal_msp.o
                0x0000000008000fac                HAL_LTDC_MspInit
 .text.HAL_SPI_MspInit
                0x000000000800120c       0x90 ./Core/Src/stm32f4xx_hal_msp.o
                0x000000000800120c                HAL_SPI_MspInit
 .text.HAL_TIM_Base_MspInit
                0x000000000800129c       0x44 ./Core/Src/stm32f4xx_hal_msp.o
                0x000000000800129c                HAL_TIM_Base_MspInit
 .text.HAL_UART_MspInit
                0x00000000080012e0       0x90 ./Core/Src/stm32f4xx_hal_msp.o
                0x00000000080012e0                HAL_UART_MspInit
 .text.HAL_FMC_MspInit
                0x0000000008001370      0x124 ./Core/Src/stm32f4xx_hal_msp.o
 .text.HAL_SDRAM_MspInit
                0x0000000008001494       0x14 ./Core/Src/stm32f4xx_hal_msp.o
                0x0000000008001494                HAL_SDRAM_MspInit
 .text.HAL_InitTick
                0x00000000080014a8       0xf8 ./Core/Src/stm32f4xx_hal_timebase_tim.o
                0x00000000080014a8                HAL_InitTick
 .text.NMI_Handler
                0x00000000080015a0        0x6 ./Core/Src/stm32f4xx_it.o
                0x00000000080015a0                NMI_Handler
 .text.HardFault_Handler
                0x00000000080015a6        0x6 ./Core/Src/stm32f4xx_it.o
                0x00000000080015a6                HardFault_Handler
 .text.MemManage_Handler
                0x00000000080015ac        0x6 ./Core/Src/stm32f4xx_it.o
                0x00000000080015ac                MemManage_Handler
 .text.BusFault_Handler
                0x00000000080015b2        0x6 ./Core/Src/stm32f4xx_it.o
                0x00000000080015b2                BusFault_Handler
 .text.UsageFault_Handler
                0x00000000080015b8        0x6 ./Core/Src/stm32f4xx_it.o
                0x00000000080015b8                UsageFault_Handler
 .text.DebugMon_Handler
                0x00000000080015be        0xe ./Core/Src/stm32f4xx_it.o
                0x00000000080015be                DebugMon_Handler
 .text.TIM6_DAC_IRQHandler
                0x00000000080015cc       0x14 ./Core/Src/stm32f4xx_it.o
                0x00000000080015cc                TIM6_DAC_IRQHandler
 .text.OTG_HS_IRQHandler
                0x00000000080015e0       0x14 ./Core/Src/stm32f4xx_it.o
                0x00000000080015e0                OTG_HS_IRQHandler
 .text.LTDC_IRQHandler
                0x00000000080015f4       0x14 ./Core/Src/stm32f4xx_it.o
                0x00000000080015f4                LTDC_IRQHandler
 .text.DMA2D_IRQHandler
                0x0000000008001608       0x14 ./Core/Src/stm32f4xx_it.o
                0x0000000008001608                DMA2D_IRQHandler
 .text._read    0x000000000800161c       0x3a ./Core/Src/syscalls.o
                0x000000000800161c                _read
 .text._write   0x0000000008001656       0x38 ./Core/Src/syscalls.o
                0x0000000008001656                _write
 .text._close   0x000000000800168e       0x18 ./Core/Src/syscalls.o
                0x000000000800168e                _close
 .text._fstat   0x00000000080016a6       0x20 ./Core/Src/syscalls.o
                0x00000000080016a6                _fstat
 .text._isatty  0x00000000080016c6       0x16 ./Core/Src/syscalls.o
                0x00000000080016c6                _isatty
 .text._lseek   0x00000000080016dc       0x1a ./Core/Src/syscalls.o
                0x00000000080016dc                _lseek
 *fill*         0x00000000080016f6        0x2 
 .text._sbrk    0x00000000080016f8       0x6c ./Core/Src/sysmem.o
                0x00000000080016f8                _sbrk
 .text.SystemInit
                0x0000000008001764       0x24 ./Core/Src/system_stm32f4xx.o
                0x0000000008001764                SystemInit
 .text.Reset_Handler
                0x0000000008001788       0x50 ./Core/Startup/startup_stm32f429zitx.o
                0x0000000008001788                Reset_Handler
 .text.Default_Handler
                0x00000000080017d8        0x2 ./Core/Startup/startup_stm32f429zitx.o
                0x00000000080017d8                RTC_Alarm_IRQHandler
                0x00000000080017d8                HASH_RNG_IRQHandler
                0x00000000080017d8                EXTI2_IRQHandler
                0x00000000080017d8                TIM8_CC_IRQHandler
                0x00000000080017d8                UART8_IRQHandler
                0x00000000080017d8                SPI4_IRQHandler
                0x00000000080017d8                TIM1_CC_IRQHandler
                0x00000000080017d8                DMA2_Stream5_IRQHandler
                0x00000000080017d8                DMA1_Stream5_IRQHandler
                0x00000000080017d8                PVD_IRQHandler
                0x00000000080017d8                SDIO_IRQHandler
                0x00000000080017d8                TAMP_STAMP_IRQHandler
                0x00000000080017d8                CAN2_RX1_IRQHandler
                0x00000000080017d8                EXTI3_IRQHandler
                0x00000000080017d8                TIM8_TRG_COM_TIM14_IRQHandler
                0x00000000080017d8                TIM1_UP_TIM10_IRQHandler
                0x00000000080017d8                TIM8_UP_TIM13_IRQHandler
                0x00000000080017d8                I2C3_ER_IRQHandler
                0x00000000080017d8                EXTI0_IRQHandler
                0x00000000080017d8                I2C2_EV_IRQHandler
                0x00000000080017d8                DMA1_Stream2_IRQHandler
                0x00000000080017d8                CAN1_RX0_IRQHandler
                0x00000000080017d8                FPU_IRQHandler
                0x00000000080017d8                OTG_HS_WKUP_IRQHandler
                0x00000000080017d8                LTDC_ER_IRQHandler
                0x00000000080017d8                CAN2_SCE_IRQHandler
                0x00000000080017d8                DMA2_Stream2_IRQHandler
                0x00000000080017d8                SPI1_IRQHandler
                0x00000000080017d8                TIM1_BRK_TIM9_IRQHandler
                0x00000000080017d8                DCMI_IRQHandler
                0x00000000080017d8                CAN2_RX0_IRQHandler
                0x00000000080017d8                DMA2_Stream3_IRQHandler
                0x00000000080017d8                USART6_IRQHandler
                0x00000000080017d8                USART3_IRQHandler
                0x00000000080017d8                CAN1_RX1_IRQHandler
                0x00000000080017d8                UART5_IRQHandler
                0x00000000080017d8                DMA2_Stream0_IRQHandler
                0x00000000080017d8                TIM4_IRQHandler
                0x00000000080017d8                I2C1_EV_IRQHandler
                0x00000000080017d8                DMA1_Stream6_IRQHandler
                0x00000000080017d8                DMA1_Stream1_IRQHandler
                0x00000000080017d8                UART4_IRQHandler
                0x00000000080017d8                TIM3_IRQHandler
                0x00000000080017d8                RCC_IRQHandler
                0x00000000080017d8                TIM8_BRK_TIM12_IRQHandler
                0x00000000080017d8                Default_Handler
                0x00000000080017d8                EXTI15_10_IRQHandler
                0x00000000080017d8                ADC_IRQHandler
                0x00000000080017d8                DMA1_Stream7_IRQHandler
                0x00000000080017d8                SPI5_IRQHandler
                0x00000000080017d8                TIM7_IRQHandler
                0x00000000080017d8                CAN2_TX_IRQHandler
                0x00000000080017d8                TIM5_IRQHandler
                0x00000000080017d8                DMA2_Stream7_IRQHandler
                0x00000000080017d8                I2C3_EV_IRQHandler
                0x00000000080017d8                EXTI9_5_IRQHandler
                0x00000000080017d8                RTC_WKUP_IRQHandler
                0x00000000080017d8                ETH_WKUP_IRQHandler
                0x00000000080017d8                SPI2_IRQHandler
                0x00000000080017d8                OTG_HS_EP1_IN_IRQHandler
                0x00000000080017d8                DMA1_Stream0_IRQHandler
                0x00000000080017d8                CAN1_TX_IRQHandler
                0x00000000080017d8                EXTI4_IRQHandler
                0x00000000080017d8                ETH_IRQHandler
                0x00000000080017d8                OTG_HS_EP1_OUT_IRQHandler
                0x00000000080017d8                WWDG_IRQHandler
                0x00000000080017d8                SPI6_IRQHandler
                0x00000000080017d8                TIM2_IRQHandler
                0x00000000080017d8                OTG_FS_WKUP_IRQHandler
                0x00000000080017d8                TIM1_TRG_COM_TIM11_IRQHandler
                0x00000000080017d8                EXTI1_IRQHandler
                0x00000000080017d8                UART7_IRQHandler
                0x00000000080017d8                USART2_IRQHandler
                0x00000000080017d8                I2C2_ER_IRQHandler
                0x00000000080017d8                DMA2_Stream1_IRQHandler
                0x00000000080017d8                CAN1_SCE_IRQHandler
                0x00000000080017d8                FLASH_IRQHandler
                0x00000000080017d8                DMA2_Stream4_IRQHandler
                0x00000000080017d8                USART1_IRQHandler
                0x00000000080017d8                OTG_FS_IRQHandler
                0x00000000080017d8                SPI3_IRQHandler
                0x00000000080017d8                DMA1_Stream4_IRQHandler
                0x00000000080017d8                I2C1_ER_IRQHandler
                0x00000000080017d8                FMC_IRQHandler
                0x00000000080017d8                DMA2_Stream6_IRQHandler
                0x00000000080017d8                SAI1_IRQHandler
                0x00000000080017d8                DMA1_Stream3_IRQHandler
 *fill*         0x00000000080017da        0x2 
 .text.HAL_Init
                0x00000000080017dc       0x44 ./Drivers/STM32F4xx_HAL_Driver/Src/stm32f4xx_hal.o
                0x00000000080017dc                HAL_Init
 .text.HAL_IncTick
                0x0000000008001820       0x28 ./Drivers/STM32F4xx_HAL_Driver/Src/stm32f4xx_hal.o
                0x0000000008001820                HAL_IncTick
 .text.HAL_GetTick
                0x0000000008001848       0x18 ./Drivers/STM32F4xx_HAL_Driver/Src/stm32f4xx_hal.o
                0x0000000008001848                HAL_GetTick
 .text.HAL_Delay
                0x0000000008001860       0x48 ./Drivers/STM32F4xx_HAL_Driver/Src/stm32f4xx_hal.o
                0x0000000008001860                HAL_Delay
 .text.__NVIC_SetPriorityGrouping
                0x00000000080018a8       0x48 ./Drivers/STM32F4xx_HAL_Driver/Src/stm32f4xx_hal_cortex.o
 .text.__NVIC_GetPriorityGrouping
                0x00000000080018f0       0x1c ./Drivers/STM32F4xx_HAL_Driver/Src/stm32f4xx_hal_cortex.o
 .text.__NVIC_EnableIRQ
                0x000000000800190c       0x3c ./Drivers/STM32F4xx_HAL_Driver/Src/stm32f4xx_hal_cortex.o
 .text.__NVIC_SetPriority
                0x0000000008001948       0x54 ./Drivers/STM32F4xx_HAL_Driver/Src/stm32f4xx_hal_cortex.o
 .text.NVIC_EncodePriority
                0x000000000800199c       0x66 ./Drivers/STM32F4xx_HAL_Driver/Src/stm32f4xx_hal_cortex.o
 .text.HAL_NVIC_SetPriorityGrouping
                0x0000000008001a02       0x16 ./Drivers/STM32F4xx_HAL_Driver/Src/stm32f4xx_hal_cortex.o
                0x0000000008001a02                HAL_NVIC_SetPriorityGrouping
 .text.HAL_NVIC_SetPriority
                0x0000000008001a18       0x38 ./Drivers/STM32F4xx_HAL_Driver/Src/stm32f4xx_hal_cortex.o
                0x0000000008001a18                HAL_NVIC_SetPriority
 .text.HAL_NVIC_EnableIRQ
                0x0000000008001a50       0x1c ./Drivers/STM32F4xx_HAL_Driver/Src/stm32f4xx_hal_cortex.o
                0x0000000008001a50                HAL_NVIC_EnableIRQ
 .text.HAL_CRC_Init
                0x0000000008001a6c       0x38 ./Drivers/STM32F4xx_HAL_Driver/Src/stm32f4xx_hal_crc.o
                0x0000000008001a6c                HAL_CRC_Init
 .text.HAL_DMA2D_Init
                0x0000000008001aa4       0x92 ./Drivers/STM32F4xx_HAL_Driver/Src/stm32f4xx_hal_dma2d.o
                0x0000000008001aa4                HAL_DMA2D_Init
 .text.HAL_DMA2D_IRQHandler
                0x0000000008001b36      0x1f8 ./Drivers/STM32F4xx_HAL_Driver/Src/stm32f4xx_hal_dma2d.o
                0x0000000008001b36                HAL_DMA2D_IRQHandler
 .text.HAL_DMA2D_LineEventCallback
                0x0000000008001d2e       0x14 ./Drivers/STM32F4xx_HAL_Driver/Src/stm32f4xx_hal_dma2d.o
                0x0000000008001d2e                HAL_DMA2D_LineEventCallback
 .text.HAL_DMA2D_CLUTLoadingCpltCallback
                0x0000000008001d42       0x14 ./Drivers/STM32F4xx_HAL_Driver/Src/stm32f4xx_hal_dma2d.o
                0x0000000008001d42                HAL_DMA2D_CLUTLoadingCpltCallback
 *fill*         0x0000000008001d56        0x2 
 .text.HAL_DMA2D_ConfigLayer
                0x0000000008001d58      0x124 ./Drivers/STM32F4xx_HAL_Driver/Src/stm32f4xx_hal_dma2d.o
                0x0000000008001d58                HAL_DMA2D_ConfigLayer
 .text.HAL_GPIO_Init
                0x0000000008001e7c      0x358 ./Drivers/STM32F4xx_HAL_Driver/Src/stm32f4xx_hal_gpio.o
                0x0000000008001e7c                HAL_GPIO_Init
 .text.HAL_GPIO_WritePin
                0x00000000080021d4       0x32 ./Drivers/STM32F4xx_HAL_Driver/Src/stm32f4xx_hal_gpio.o
                0x00000000080021d4                HAL_GPIO_WritePin
 .text.HAL_HCD_Init
                0x0000000008002206       0xc4 ./Drivers/STM32F4xx_HAL_Driver/Src/stm32f4xx_hal_hcd.o
                0x0000000008002206                HAL_HCD_Init
 .text.HAL_HCD_HC_Init
                0x00000000080022ca      0x11e ./Drivers/STM32F4xx_HAL_Driver/Src/stm32f4xx_hal_hcd.o
                0x00000000080022ca                HAL_HCD_HC_Init
 .text.HAL_HCD_HC_Halt
                0x00000000080023e8       0x46 ./Drivers/STM32F4xx_HAL_Driver/Src/stm32f4xx_hal_hcd.o
                0x00000000080023e8                HAL_HCD_HC_Halt
 *fill*         0x000000000800242e        0x2 
 .text.HAL_HCD_HC_SubmitRequest
                0x0000000008002430      0x2ac ./Drivers/STM32F4xx_HAL_Driver/Src/stm32f4xx_hal_hcd.o
                0x0000000008002430                HAL_HCD_HC_SubmitRequest
 .text.HAL_HCD_IRQHandler
                0x00000000080026dc      0x216 ./Drivers/STM32F4xx_HAL_Driver/Src/stm32f4xx_hal_hcd.o
                0x00000000080026dc                HAL_HCD_IRQHandler
 .text.HAL_HCD_Start
                0x00000000080028f2       0x46 ./Drivers/STM32F4xx_HAL_Driver/Src/stm32f4xx_hal_hcd.o
                0x00000000080028f2                HAL_HCD_Start
 .text.HAL_HCD_Stop
                0x0000000008002938       0x3a ./Drivers/STM32F4xx_HAL_Driver/Src/stm32f4xx_hal_hcd.o
                0x0000000008002938                HAL_HCD_Stop
 .text.HAL_HCD_ResetPort
                0x0000000008002972       0x1c ./Drivers/STM32F4xx_HAL_Driver/Src/stm32f4xx_hal_hcd.o
                0x0000000008002972                HAL_HCD_ResetPort
 .text.HAL_HCD_HC_GetURBState
                0x000000000800298e       0x28 ./Drivers/STM32F4xx_HAL_Driver/Src/stm32f4xx_hal_hcd.o
                0x000000000800298e                HAL_HCD_HC_GetURBState
 .text.HAL_HCD_HC_GetXferCount
                0x00000000080029b6       0x28 ./Drivers/STM32F4xx_HAL_Driver/Src/stm32f4xx_hal_hcd.o
                0x00000000080029b6                HAL_HCD_HC_GetXferCount
 .text.HAL_HCD_GetCurrentFrame
                0x00000000080029de       0x1c ./Drivers/STM32F4xx_HAL_Driver/Src/stm32f4xx_hal_hcd.o
                0x00000000080029de                HAL_HCD_GetCurrentFrame
 .text.HAL_HCD_GetCurrentSpeed
                0x00000000080029fa       0x1c ./Drivers/STM32F4xx_HAL_Driver/Src/stm32f4xx_hal_hcd.o
                0x00000000080029fa                HAL_HCD_GetCurrentSpeed
 .text.HCD_HC_IN_IRQHandler
                0x0000000008002a16      0x6aa ./Drivers/STM32F4xx_HAL_Driver/Src/stm32f4xx_hal_hcd.o
 .text.HCD_HC_OUT_IRQHandler
                0x00000000080030c0      0x6d2 ./Drivers/STM32F4xx_HAL_Driver/Src/stm32f4xx_hal_hcd.o
 .text.HCD_RXQLVL_IRQHandler
                0x0000000008003792      0x1a4 ./Drivers/STM32F4xx_HAL_Driver/Src/stm32f4xx_hal_hcd.o
 .text.HCD_Port_IRQHandler
                0x0000000008003936       0xe6 ./Drivers/STM32F4xx_HAL_Driver/Src/stm32f4xx_hal_hcd.o
 .text.HAL_I2C_Init
                0x0000000008003a1c      0x288 ./Drivers/STM32F4xx_HAL_Driver/Src/stm32f4xx_hal_i2c.o
                0x0000000008003a1c                HAL_I2C_Init
 .text.HAL_I2CEx_ConfigAnalogFilter
                0x0000000008003ca4       0x78 ./Drivers/STM32F4xx_HAL_Driver/Src/stm32f4xx_hal_i2c_ex.o
                0x0000000008003ca4                HAL_I2CEx_ConfigAnalogFilter
 .text.HAL_I2CEx_ConfigDigitalFilter
                0x0000000008003d1c       0x7e ./Drivers/STM32F4xx_HAL_Driver/Src/stm32f4xx_hal_i2c_ex.o
                0x0000000008003d1c                HAL_I2CEx_ConfigDigitalFilter
 *fill*         0x0000000008003d9a        0x2 
 .text.HAL_LTDC_Init
                0x0000000008003d9c      0x1a0 ./Drivers/STM32F4xx_HAL_Driver/Src/stm32f4xx_hal_ltdc.o
                0x0000000008003d9c                HAL_LTDC_Init
 .text.HAL_LTDC_IRQHandler
                0x0000000008003f3c      0x148 ./Drivers/STM32F4xx_HAL_Driver/Src/stm32f4xx_hal_ltdc.o
                0x0000000008003f3c                HAL_LTDC_IRQHandler
 .text.HAL_LTDC_ErrorCallback
                0x0000000008004084       0x14 ./Drivers/STM32F4xx_HAL_Driver/Src/stm32f4xx_hal_ltdc.o
                0x0000000008004084                HAL_LTDC_ErrorCallback
 .text.HAL_LTDC_LineEventCallback
                0x0000000008004098       0x14 ./Drivers/STM32F4xx_HAL_Driver/Src/stm32f4xx_hal_ltdc.o
                0x0000000008004098                HAL_LTDC_LineEventCallback
 .text.HAL_LTDC_ReloadEventCallback
                0x00000000080040ac       0x14 ./Drivers/STM32F4xx_HAL_Driver/Src/stm32f4xx_hal_ltdc.o
                0x00000000080040ac                HAL_LTDC_ReloadEventCallback
 .text.HAL_LTDC_ConfigLayer
                0x00000000080040c0       0x7c ./Drivers/STM32F4xx_HAL_Driver/Src/stm32f4xx_hal_ltdc.o
                0x00000000080040c0                HAL_LTDC_ConfigLayer
 .text.LTDC_SetConfig
                0x000000000800413c      0x32e ./Drivers/STM32F4xx_HAL_Driver/Src/stm32f4xx_hal_ltdc.o
 *fill*         0x000000000800446a        0x2 
 .text.HAL_RCC_OscConfig
                0x000000000800446c      0x4f4 ./Drivers/STM32F4xx_HAL_Driver/Src/stm32f4xx_hal_rcc.o
                0x000000000800446c                HAL_RCC_OscConfig
 .text.HAL_RCC_ClockConfig
                0x0000000008004960      0x1cc ./Drivers/STM32F4xx_HAL_Driver/Src/stm32f4xx_hal_rcc.o
                0x0000000008004960                HAL_RCC_ClockConfig
 .text.HAL_RCC_GetSysClockFreq
                0x0000000008004b2c      0x20c ./Drivers/STM32F4xx_HAL_Driver/Src/stm32f4xx_hal_rcc.o
                0x0000000008004b2c                HAL_RCC_GetSysClockFreq
 .text.HAL_RCC_GetHCLKFreq
                0x0000000008004d38       0x18 ./Drivers/STM32F4xx_HAL_Driver/Src/stm32f4xx_hal_rcc.o
                0x0000000008004d38                HAL_RCC_GetHCLKFreq
 .text.HAL_RCC_GetPCLK1Freq
                0x0000000008004d50       0x28 ./Drivers/STM32F4xx_HAL_Driver/Src/stm32f4xx_hal_rcc.o
                0x0000000008004d50                HAL_RCC_GetPCLK1Freq
 .text.HAL_RCC_GetPCLK2Freq
                0x0000000008004d78       0x28 ./Drivers/STM32F4xx_HAL_Driver/Src/stm32f4xx_hal_rcc.o
                0x0000000008004d78                HAL_RCC_GetPCLK2Freq
 .text.HAL_RCC_GetClockConfig
                0x0000000008004da0       0x64 ./Drivers/STM32F4xx_HAL_Driver/Src/stm32f4xx_hal_rcc.o
                0x0000000008004da0                HAL_RCC_GetClockConfig
 .text.HAL_RCCEx_PeriphCLKConfig
                0x0000000008004e04      0x380 ./Drivers/STM32F4xx_HAL_Driver/Src/stm32f4xx_hal_rcc_ex.o
                0x0000000008004e04                HAL_RCCEx_PeriphCLKConfig
 .text.HAL_SDRAM_Init
                0x0000000008005184       0x68 ./Drivers/STM32F4xx_HAL_Driver/Src/stm32f4xx_hal_sdram.o
                0x0000000008005184                HAL_SDRAM_Init
 .text.HAL_SPI_Init
                0x00000000080051ec      0x112 ./Drivers/STM32F4xx_HAL_Driver/Src/stm32f4xx_hal_spi.o
                0x00000000080051ec                HAL_SPI_Init
 .text.HAL_TIM_Base_Init
                0x00000000080052fe       0x9e ./Drivers/STM32F4xx_HAL_Driver/Src/stm32f4xx_hal_tim.o
                0x00000000080052fe                HAL_TIM_Base_Init
 .text.HAL_TIM_Base_Start_IT
                0x000000000800539c       0xe0 ./Drivers/STM32F4xx_HAL_Driver/Src/stm32f4xx_hal_tim.o
                0x000000000800539c                HAL_TIM_Base_Start_IT
 .text.HAL_TIM_IRQHandler
                0x000000000800547c      0x210 ./Drivers/STM32F4xx_HAL_Driver/Src/stm32f4xx_hal_tim.o
                0x000000000800547c                HAL_TIM_IRQHandler
 .text.HAL_TIM_ConfigClockSource
                0x000000000800568c      0x18e ./Drivers/STM32F4xx_HAL_Driver/Src/stm32f4xx_hal_tim.o
                0x000000000800568c                HAL_TIM_ConfigClockSource
 .text.HAL_TIM_OC_DelayElapsedCallback
                0x000000000800581a       0x14 ./Drivers/STM32F4xx_HAL_Driver/Src/stm32f4xx_hal_tim.o
                0x000000000800581a                HAL_TIM_OC_DelayElapsedCallback
 .text.HAL_TIM_IC_CaptureCallback
                0x000000000800582e       0x14 ./Drivers/STM32F4xx_HAL_Driver/Src/stm32f4xx_hal_tim.o
                0x000000000800582e                HAL_TIM_IC_CaptureCallback
 .text.HAL_TIM_PWM_PulseFinishedCallback
                0x0000000008005842       0x14 ./Drivers/STM32F4xx_HAL_Driver/Src/stm32f4xx_hal_tim.o
                0x0000000008005842                HAL_TIM_PWM_PulseFinishedCallback
 .text.HAL_TIM_TriggerCallback
                0x0000000008005856       0x14 ./Drivers/STM32F4xx_HAL_Driver/Src/stm32f4xx_hal_tim.o
                0x0000000008005856                HAL_TIM_TriggerCallback
 *fill*         0x000000000800586a        0x2 
 .text.TIM_Base_SetConfig
                0x000000000800586c      0x140 ./Drivers/STM32F4xx_HAL_Driver/Src/stm32f4xx_hal_tim.o
                0x000000000800586c                TIM_Base_SetConfig
 .text.TIM_TI1_ConfigInputStage
                0x00000000080059ac       0x5e ./Drivers/STM32F4xx_HAL_Driver/Src/stm32f4xx_hal_tim.o
 .text.TIM_TI2_ConfigInputStage
                0x0000000008005a0a       0x60 ./Drivers/STM32F4xx_HAL_Driver/Src/stm32f4xx_hal_tim.o
 .text.TIM_ITRx_SetConfig
                0x0000000008005a6a       0x36 ./Drivers/STM32F4xx_HAL_Driver/Src/stm32f4xx_hal_tim.o
 .text.TIM_ETR_SetConfig
                0x0000000008005aa0       0x40 ./Drivers/STM32F4xx_HAL_Driver/Src/stm32f4xx_hal_tim.o
                0x0000000008005aa0                TIM_ETR_SetConfig
 .text.HAL_TIMEx_MasterConfigSynchronization
                0x0000000008005ae0       0xf8 ./Drivers/STM32F4xx_HAL_Driver/Src/stm32f4xx_hal_tim_ex.o
                0x0000000008005ae0                HAL_TIMEx_MasterConfigSynchronization
 .text.HAL_TIMEx_CommutCallback
                0x0000000008005bd8       0x14 ./Drivers/STM32F4xx_HAL_Driver/Src/stm32f4xx_hal_tim_ex.o
                0x0000000008005bd8                HAL_TIMEx_CommutCallback
 .text.HAL_TIMEx_BreakCallback
                0x0000000008005bec       0x14 ./Drivers/STM32F4xx_HAL_Driver/Src/stm32f4xx_hal_tim_ex.o
                0x0000000008005bec                HAL_TIMEx_BreakCallback
 .text.HAL_UART_Init
                0x0000000008005c00       0x9a ./Drivers/STM32F4xx_HAL_Driver/Src/stm32f4xx_hal_uart.o
                0x0000000008005c00                HAL_UART_Init
 .text.HAL_UART_Transmit
                0x0000000008005c9a      0x124 ./Drivers/STM32F4xx_HAL_Driver/Src/stm32f4xx_hal_uart.o
                0x0000000008005c9a                HAL_UART_Transmit
 .text.UART_WaitOnFlagUntilTimeout
                0x0000000008005dbe       0xdc ./Drivers/STM32F4xx_HAL_Driver/Src/stm32f4xx_hal_uart.o
 *fill*         0x0000000008005e9a        0x2 
 .text.UART_SetConfig
                0x0000000008005e9c      0x4e8 ./Drivers/STM32F4xx_HAL_Driver/Src/stm32f4xx_hal_uart.o
 .text.FMC_SDRAM_Init
                0x0000000008006384       0xba ./Drivers/STM32F4xx_HAL_Driver/Src/stm32f4xx_ll_fmc.o
                0x0000000008006384                FMC_SDRAM_Init
 .text.FMC_SDRAM_Timing_Init
                0x000000000800643e       0xd2 ./Drivers/STM32F4xx_HAL_Driver/Src/stm32f4xx_ll_fmc.o
                0x000000000800643e                FMC_SDRAM_Timing_Init
 .text.USB_CoreInit
                0x0000000008006510       0xc2 ./Drivers/STM32F4xx_HAL_Driver/Src/stm32f4xx_ll_usb.o
                0x0000000008006510                USB_CoreInit
 .text.USB_EnableGlobalInt
                0x00000000080065d2       0x22 ./Drivers/STM32F4xx_HAL_Driver/Src/stm32f4xx_ll_usb.o
                0x00000000080065d2                USB_EnableGlobalInt
 .text.USB_DisableGlobalInt
                0x00000000080065f4       0x22 ./Drivers/STM32F4xx_HAL_Driver/Src/stm32f4xx_ll_usb.o
                0x00000000080065f4                USB_DisableGlobalInt
 .text.USB_SetCurrentMode
                0x0000000008006616       0x98 ./Drivers/STM32F4xx_HAL_Driver/Src/stm32f4xx_ll_usb.o
                0x0000000008006616                USB_SetCurrentMode
 *fill*         0x00000000080066ae        0x2 
 .text.USB_FlushTxFifo
                0x00000000080066b0       0x68 ./Drivers/STM32F4xx_HAL_Driver/Src/stm32f4xx_ll_usb.o
                0x00000000080066b0                USB_FlushTxFifo
 .text.USB_FlushRxFifo
                0x0000000008006718       0x60 ./Drivers/STM32F4xx_HAL_Driver/Src/stm32f4xx_ll_usb.o
                0x0000000008006718                USB_FlushRxFifo
 .text.USB_WritePacket
                0x0000000008006778       0x7c ./Drivers/STM32F4xx_HAL_Driver/Src/stm32f4xx_ll_usb.o
                0x0000000008006778                USB_WritePacket
 .text.USB_ReadPacket
                0x00000000080067f4       0xb0 ./Drivers/STM32F4xx_HAL_Driver/Src/stm32f4xx_ll_usb.o
                0x00000000080067f4                USB_ReadPacket
 .text.USB_ReadInterrupts
                0x00000000080068a4       0x26 ./Drivers/STM32F4xx_HAL_Driver/Src/stm32f4xx_ll_usb.o
                0x00000000080068a4                USB_ReadInterrupts
 .text.USB_GetMode
                0x00000000080068ca       0x1c ./Drivers/STM32F4xx_HAL_Driver/Src/stm32f4xx_ll_usb.o
                0x00000000080068ca                USB_GetMode
 *fill*         0x00000000080068e6        0x2 
 .text.USB_CoreReset
                0x00000000080068e8       0x68 ./Drivers/STM32F4xx_HAL_Driver/Src/stm32f4xx_ll_usb.o
 .text.USB_HostInit
                0x0000000008006950      0x180 ./Drivers/STM32F4xx_HAL_Driver/Src/stm32f4xx_ll_usb.o
                0x0000000008006950                USB_HostInit
 .text.USB_InitFSLSPClkSel
                0x0000000008006ad0       0x74 ./Drivers/STM32F4xx_HAL_Driver/Src/stm32f4xx_ll_usb.o
                0x0000000008006ad0                USB_InitFSLSPClkSel
 .text.USB_ResetPort
                0x0000000008006b44       0x54 ./Drivers/STM32F4xx_HAL_Driver/Src/stm32f4xx_ll_usb.o
                0x0000000008006b44                USB_ResetPort
 .text.USB_DriveVbus
                0x0000000008006b98       0x72 ./Drivers/STM32F4xx_HAL_Driver/Src/stm32f4xx_ll_usb.o
                0x0000000008006b98                USB_DriveVbus
 .text.USB_GetHostSpeed
                0x0000000008006c0a       0x2e ./Drivers/STM32F4xx_HAL_Driver/Src/stm32f4xx_ll_usb.o
                0x0000000008006c0a                USB_GetHostSpeed
 .text.USB_GetCurrentFrame
                0x0000000008006c38       0x22 ./Drivers/STM32F4xx_HAL_Driver/Src/stm32f4xx_ll_usb.o
                0x0000000008006c38                USB_GetCurrentFrame
 *fill*         0x0000000008006c5a        0x2 
 .text.USB_HC_Init
                0x0000000008006c5c      0x244 ./Drivers/STM32F4xx_HAL_Driver/Src/stm32f4xx_ll_usb.o
                0x0000000008006c5c                USB_HC_Init
 .text.USB_HC_StartXfer
                0x0000000008006ea0      0x284 ./Drivers/STM32F4xx_HAL_Driver/Src/stm32f4xx_ll_usb.o
                0x0000000008006ea0                USB_HC_StartXfer
 .text.USB_HC_ReadInterrupt
                0x0000000008007124       0x22 ./Drivers/STM32F4xx_HAL_Driver/Src/stm32f4xx_ll_usb.o
                0x0000000008007124                USB_HC_ReadInterrupt
 .text.USB_HC_Halt
                0x0000000008007146      0x1f8 ./Drivers/STM32F4xx_HAL_Driver/Src/stm32f4xx_ll_usb.o
                0x0000000008007146                USB_HC_Halt
 *fill*         0x000000000800733e        0x2 
 .text.USB_DoPing
                0x0000000008007340       0x78 ./Drivers/STM32F4xx_HAL_Driver/Src/stm32f4xx_ll_usb.o
                0x0000000008007340                USB_DoPing
 .text.USB_StopHost
                0x00000000080073b8      0x124 ./Drivers/STM32F4xx_HAL_Driver/Src/stm32f4xx_ll_usb.o
                0x00000000080073b8                USB_StopHost
 .text.USBH_CDC_InterfaceInit
                0x00000000080074dc      0x2ac ./Middlewares/ST/STM32_USB_Host_Library/Class/CDC/Src/usbh_cdc.o
 .text.USBH_CDC_InterfaceDeInit
                0x0000000008007788       0xb2 ./Middlewares/ST/STM32_USB_Host_Library/Class/CDC/Src/usbh_cdc.o
 .text.USBH_CDC_ClassRequest
                0x000000000800783a       0x3e ./Middlewares/ST/STM32_USB_Host_Library/Class/CDC/Src/usbh_cdc.o
 .text.USBH_CDC_Process
                0x0000000008007878      0x12c ./Middlewares/ST/STM32_USB_Host_Library/Class/CDC/Src/usbh_cdc.o
 .text.USBH_CDC_SOFProcess
                0x00000000080079a4       0x16 ./Middlewares/ST/STM32_USB_Host_Library/Class/CDC/Src/usbh_cdc.o
 .text.GetLineCoding
                0x00000000080079ba       0x3e ./Middlewares/ST/STM32_USB_Host_Library/Class/CDC/Src/usbh_cdc.o
 .text.SetLineCoding
                0x00000000080079f8       0x3e ./Middlewares/ST/STM32_USB_Host_Library/Class/CDC/Src/usbh_cdc.o
 .text.CDC_ProcessTransmission
                0x0000000008007a36      0x124 ./Middlewares/ST/STM32_USB_Host_Library/Class/CDC/Src/usbh_cdc.o
 .text.CDC_ProcessReception
                0x0000000008007b5a       0xd2 ./Middlewares/ST/STM32_USB_Host_Library/Class/CDC/Src/usbh_cdc.o
 .text.USBH_CDC_TransmitCallback
                0x0000000008007c2c       0x14 ./Middlewares/ST/STM32_USB_Host_Library/Class/CDC/Src/usbh_cdc.o
                0x0000000008007c2c                USBH_CDC_TransmitCallback
 .text.USBH_CDC_ReceiveCallback
                0x0000000008007c40       0x14 ./Middlewares/ST/STM32_USB_Host_Library/Class/CDC/Src/usbh_cdc.o
                0x0000000008007c40                USBH_CDC_ReceiveCallback
 .text.USBH_CDC_LineCodingChanged
                0x0000000008007c54       0x14 ./Middlewares/ST/STM32_USB_Host_Library/Class/CDC/Src/usbh_cdc.o
                0x0000000008007c54                USBH_CDC_LineCodingChanged
 .text.USBH_Init
                0x0000000008007c68       0xc4 ./Middlewares/ST/STM32_USB_Host_Library/Core/Src/usbh_core.o
                0x0000000008007c68                USBH_Init
 .text.DeInitStateMachine
                0x0000000008007d2c       0xa8 ./Middlewares/ST/STM32_USB_Host_Library/Core/Src/usbh_core.o
 .text.USBH_RegisterClass
                0x0000000008007dd4       0x54 ./Middlewares/ST/STM32_USB_Host_Library/Core/Src/usbh_core.o
                0x0000000008007dd4                USBH_RegisterClass
 .text.USBH_SelectInterface
                0x0000000008007e28       0x38 ./Middlewares/ST/STM32_USB_Host_Library/Core/Src/usbh_core.o
                0x0000000008007e28                USBH_SelectInterface
 .text.USBH_FindInterface
                0x0000000008007e60       0x8c ./Middlewares/ST/STM32_USB_Host_Library/Core/Src/usbh_core.o
                0x0000000008007e60                USBH_FindInterface
 .text.USBH_Start
                0x0000000008007eec       0x20 ./Middlewares/ST/STM32_USB_Host_Library/Core/Src/usbh_core.o
                0x0000000008007eec                USBH_Start
 .text.USBH_Process
                0x0000000008007f0c      0x4d8 ./Middlewares/ST/STM32_USB_Host_Library/Core/Src/usbh_core.o
                0x0000000008007f0c                USBH_Process
 .text.USBH_HandleEnum
                0x00000000080083e4      0x458 ./Middlewares/ST/STM32_USB_Host_Library/Core/Src/usbh_core.o
 .text.USBH_LL_SetTimer
                0x000000000800883c       0x1e ./Middlewares/ST/STM32_USB_Host_Library/Core/Src/usbh_core.o
                0x000000000800883c                USBH_LL_SetTimer
 .text.USBH_LL_IncTimer
                0x000000000800885a       0x24 ./Middlewares/ST/STM32_USB_Host_Library/Core/Src/usbh_core.o
                0x000000000800885a                USBH_LL_IncTimer
 .text.USBH_HandleSof
                0x000000000800887e       0x30 ./Middlewares/ST/STM32_USB_Host_Library/Core/Src/usbh_core.o
 .text.USBH_LL_PortEnabled
                0x00000000080088ae       0x34 ./Middlewares/ST/STM32_USB_Host_Library/Core/Src/usbh_core.o
                0x00000000080088ae                USBH_LL_PortEnabled
 .text.USBH_LL_PortDisabled
                0x00000000080088e2       0x1c ./Middlewares/ST/STM32_USB_Host_Library/Core/Src/usbh_core.o
                0x00000000080088e2                USBH_LL_PortDisabled
 .text.USBH_LL_Connect
                0x00000000080088fe       0x46 ./Middlewares/ST/STM32_USB_Host_Library/Core/Src/usbh_core.o
                0x00000000080088fe                USBH_LL_Connect
 .text.USBH_LL_Disconnect
                0x0000000008008944       0x64 ./Middlewares/ST/STM32_USB_Host_Library/Core/Src/usbh_core.o
                0x0000000008008944                USBH_LL_Disconnect
 .text.USBH_Process_OS
                0x00000000080089a8       0x2a ./Middlewares/ST/STM32_USB_Host_Library/Core/Src/usbh_core.o
 .text.USBH_LL_NotifyURBChange
                0x00000000080089d2       0x2e ./Middlewares/ST/STM32_USB_Host_Library/Core/Src/usbh_core.o
                0x00000000080089d2                USBH_LL_NotifyURBChange
 .text.USBH_Get_DevDesc
                0x0000000008008a00       0x50 ./Middlewares/ST/STM32_USB_Host_Library/Core/Src/usbh_ctlreq.o
                0x0000000008008a00                USBH_Get_DevDesc
 .text.USBH_Get_CfgDesc
                0x0000000008008a50       0x48 ./Middlewares/ST/STM32_USB_Host_Library/Core/Src/usbh_ctlreq.o
                0x0000000008008a50                USBH_Get_CfgDesc
 .text.USBH_Get_StringDesc
                0x0000000008008a98       0x56 ./Middlewares/ST/STM32_USB_Host_Library/Core/Src/usbh_ctlreq.o
                0x0000000008008a98                USBH_Get_StringDesc
 .text.USBH_GetDescriptor
                0x0000000008008aee       0x6a ./Middlewares/ST/STM32_USB_Host_Library/Core/Src/usbh_ctlreq.o
                0x0000000008008aee                USBH_GetDescriptor
 .text.USBH_SetAddress
                0x0000000008008b58       0x48 ./Middlewares/ST/STM32_USB_Host_Library/Core/Src/usbh_ctlreq.o
                0x0000000008008b58                USBH_SetAddress
 .text.USBH_SetCfg
                0x0000000008008ba0       0x46 ./Middlewares/ST/STM32_USB_Host_Library/Core/Src/usbh_ctlreq.o
                0x0000000008008ba0                USBH_SetCfg
 .text.USBH_SetFeature
                0x0000000008008be6       0x48 ./Middlewares/ST/STM32_USB_Host_Library/Core/Src/usbh_ctlreq.o
                0x0000000008008be6                USBH_SetFeature
 .text.USBH_ClrFeature
                0x0000000008008c2e       0x48 ./Middlewares/ST/STM32_USB_Host_Library/Core/Src/usbh_ctlreq.o
                0x0000000008008c2e                USBH_ClrFeature
 .text.USBH_ParseDevDesc
                0x0000000008008c76      0x122 ./Middlewares/ST/STM32_USB_Host_Library/Core/Src/usbh_ctlreq.o
 .text.USBH_ParseCfgDesc
                0x0000000008008d98      0x1ec ./Middlewares/ST/STM32_USB_Host_Library/Core/Src/usbh_ctlreq.o
 .text.USBH_ParseInterfaceDesc
                0x0000000008008f84       0x5e ./Middlewares/ST/STM32_USB_Host_Library/Core/Src/usbh_ctlreq.o
 .text.USBH_ParseEPDesc
                0x0000000008008fe2      0x14a ./Middlewares/ST/STM32_USB_Host_Library/Core/Src/usbh_ctlreq.o
 .text.USBH_ParseStringDesc
                0x000000000800912c       0x66 ./Middlewares/ST/STM32_USB_Host_Library/Core/Src/usbh_ctlreq.o
 .text.USBH_GetNextDesc
                0x0000000008009192       0x36 ./Middlewares/ST/STM32_USB_Host_Library/Core/Src/usbh_ctlreq.o
                0x0000000008009192                USBH_GetNextDesc
 .text.USBH_CtlReq
                0x00000000080091c8       0xb2 ./Middlewares/ST/STM32_USB_Host_Library/Core/Src/usbh_ctlreq.o
                0x00000000080091c8                USBH_CtlReq
 *fill*         0x000000000800927a        0x2 
 .text.USBH_HandleControl
                0x000000000800927c      0x490 ./Middlewares/ST/STM32_USB_Host_Library/Core/Src/usbh_ctlreq.o
 .text.USBH_CtlSendSetup
                0x000000000800970c       0x34 ./Middlewares/ST/STM32_USB_Host_Library/Core/Src/usbh_ioreq.o
                0x000000000800970c                USBH_CtlSendSetup
 .text.USBH_CtlSendData
                0x0000000008009740       0x4a ./Middlewares/ST/STM32_USB_Host_Library/Core/Src/usbh_ioreq.o
                0x0000000008009740                USBH_CtlSendData
 .text.USBH_CtlReceiveData
                0x000000000800978a       0x3c ./Middlewares/ST/STM32_USB_Host_Library/Core/Src/usbh_ioreq.o
                0x000000000800978a                USBH_CtlReceiveData
 .text.USBH_BulkSendData
                0x00000000080097c6       0x4a ./Middlewares/ST/STM32_USB_Host_Library/Core/Src/usbh_ioreq.o
                0x00000000080097c6                USBH_BulkSendData
 .text.USBH_BulkReceiveData
                0x0000000008009810       0x3c ./Middlewares/ST/STM32_USB_Host_Library/Core/Src/usbh_ioreq.o
                0x0000000008009810                USBH_BulkReceiveData
 .text.USBH_OpenPipe
                0x000000000800984c       0x3e ./Middlewares/ST/STM32_USB_Host_Library/Core/Src/usbh_pipes.o
                0x000000000800984c                USBH_OpenPipe
 .text.USBH_ClosePipe
                0x000000000800988a       0x20 ./Middlewares/ST/STM32_USB_Host_Library/Core/Src/usbh_pipes.o
                0x000000000800988a                USBH_ClosePipe
 .text.USBH_AllocPipe
                0x00000000080098aa       0x42 ./Middlewares/ST/STM32_USB_Host_Library/Core/Src/usbh_pipes.o
                0x00000000080098aa                USBH_AllocPipe
 .text.USBH_FreePipe
                0x00000000080098ec       0x3c ./Middlewares/ST/STM32_USB_Host_Library/Core/Src/usbh_pipes.o
                0x00000000080098ec                USBH_FreePipe
 .text.USBH_GetFreePipe
                0x0000000008009928       0x48 ./Middlewares/ST/STM32_USB_Host_Library/Core/Src/usbh_pipes.o
 .text.makeFreeRtosPriority
                0x0000000008009970       0x30 ./Middlewares/Third_Party/FreeRTOS/Source/CMSIS_RTOS/cmsis_os.o
 .text.inHandlerMode
                0x00000000080099a0       0x24 ./Middlewares/Third_Party/FreeRTOS/Source/CMSIS_RTOS/cmsis_os.o
 .text.osKernelStart
                0x00000000080099c4        0xe ./Middlewares/Third_Party/FreeRTOS/Source/CMSIS_RTOS/cmsis_os.o
                0x00000000080099c4                osKernelStart
 .text.osThreadCreate
                0x00000000080099d2       0x98 ./Middlewares/Third_Party/FreeRTOS/Source/CMSIS_RTOS/cmsis_os.o
                0x00000000080099d2                osThreadCreate
 .text.osDelay  0x0000000008009a6a       0x28 ./Middlewares/Third_Party/FreeRTOS/Source/CMSIS_RTOS/cmsis_os.o
                0x0000000008009a6a                osDelay
 .text.osMessageCreate
                0x0000000008009a92       0x50 ./Middlewares/Third_Party/FreeRTOS/Source/CMSIS_RTOS/cmsis_os.o
                0x0000000008009a92                osMessageCreate
 *fill*         0x0000000008009ae2        0x2 
 .text.osMessagePut
                0x0000000008009ae4       0x80 ./Middlewares/Third_Party/FreeRTOS/Source/CMSIS_RTOS/cmsis_os.o
                0x0000000008009ae4                osMessagePut
 .text.osMessageGet
                0x0000000008009b64       0xe8 ./Middlewares/Third_Party/FreeRTOS/Source/CMSIS_RTOS/cmsis_os.o
                0x0000000008009b64                osMessageGet
 .text.vListInitialise
                0x0000000008009c4c       0x40 ./Middlewares/Third_Party/FreeRTOS/Source/list.o
                0x0000000008009c4c                vListInitialise
 .text.vListInitialiseItem
                0x0000000008009c8c       0x1a ./Middlewares/Third_Party/FreeRTOS/Source/list.o
                0x0000000008009c8c                vListInitialiseItem
 .text.vListInsertEnd
                0x0000000008009ca6       0x48 ./Middlewares/Third_Party/FreeRTOS/Source/list.o
                0x0000000008009ca6                vListInsertEnd
 .text.vListInsert
                0x0000000008009cee       0x72 ./Middlewares/Third_Party/FreeRTOS/Source/list.o
                0x0000000008009cee                vListInsert
 .text.uxListRemove
                0x0000000008009d60       0x54 ./Middlewares/Third_Party/FreeRTOS/Source/list.o
                0x0000000008009d60                uxListRemove
 .text.xQueueGenericReset
                0x0000000008009db4       0xd0 ./Middlewares/Third_Party/FreeRTOS/Source/queue.o
                0x0000000008009db4                xQueueGenericReset
 .text.xQueueGenericCreateStatic
                0x0000000008009e84       0xf0 ./Middlewares/Third_Party/FreeRTOS/Source/queue.o
                0x0000000008009e84                xQueueGenericCreateStatic
 .text.xQueueGenericCreate
                0x0000000008009f74       0x74 ./Middlewares/Third_Party/FreeRTOS/Source/queue.o
                0x0000000008009f74                xQueueGenericCreate
 .text.prvInitialiseNewQueue
                0x0000000008009fe8       0x3e ./Middlewares/Third_Party/FreeRTOS/Source/queue.o
 *fill*         0x000000000800a026        0x2 
 .text.xQueueGenericSend
                0x000000000800a028      0x1fc ./Middlewares/Third_Party/FreeRTOS/Source/queue.o
                0x000000000800a028                xQueueGenericSend
 .text.xQueueGenericSendFromISR
                0x000000000800a224      0x136 ./Middlewares/Third_Party/FreeRTOS/Source/queue.o
                0x000000000800a224                xQueueGenericSendFromISR
 *fill*         0x000000000800a35a        0x2 
 .text.xQueueReceive
                0x000000000800a35c      0x1c0 ./Middlewares/Third_Party/FreeRTOS/Source/queue.o
                0x000000000800a35c                xQueueReceive
 .text.xQueueReceiveFromISR
                0x000000000800a51c      0x100 ./Middlewares/Third_Party/FreeRTOS/Source/queue.o
                0x000000000800a51c                xQueueReceiveFromISR
 .text.prvCopyDataToQueue
                0x000000000800a61c       0xd4 ./Middlewares/Third_Party/FreeRTOS/Source/queue.o
 .text.prvCopyDataFromQueue
                0x000000000800a6f0       0x4c ./Middlewares/Third_Party/FreeRTOS/Source/queue.o
 .text.prvUnlockQueue
                0x000000000800a73c       0xa4 ./Middlewares/Third_Party/FreeRTOS/Source/queue.o
 .text.prvIsQueueEmpty
                0x000000000800a7e0       0x2c ./Middlewares/Third_Party/FreeRTOS/Source/queue.o
 .text.prvIsQueueFull
                0x000000000800a80c       0x30 ./Middlewares/Third_Party/FreeRTOS/Source/queue.o
 .text.xTaskCreateStatic
                0x000000000800a83c       0xba ./Middlewares/Third_Party/FreeRTOS/Source/tasks.o
                0x000000000800a83c                xTaskCreateStatic
 .text.xTaskCreate
                0x000000000800a8f6       0x8a ./Middlewares/Third_Party/FreeRTOS/Source/tasks.o
                0x000000000800a8f6                xTaskCreate
 .text.prvInitialiseNewTask
                0x000000000800a980      0x124 ./Middlewares/Third_Party/FreeRTOS/Source/tasks.o
 .text.prvAddNewTaskToReadyList
                0x000000000800aaa4       0xd4 ./Middlewares/Third_Party/FreeRTOS/Source/tasks.o
 .text.vTaskDelay
                0x000000000800ab78       0x68 ./Middlewares/Third_Party/FreeRTOS/Source/tasks.o
                0x000000000800ab78                vTaskDelay
 .text.vTaskStartScheduler
                0x000000000800abe0       0xc0 ./Middlewares/Third_Party/FreeRTOS/Source/tasks.o
                0x000000000800abe0                vTaskStartScheduler
 .text.vTaskSuspendAll
                0x000000000800aca0       0x1c ./Middlewares/Third_Party/FreeRTOS/Source/tasks.o
                0x000000000800aca0                vTaskSuspendAll
 .text.xTaskResumeAll
                0x000000000800acbc      0x138 ./Middlewares/Third_Party/FreeRTOS/Source/tasks.o
                0x000000000800acbc                xTaskResumeAll
 .text.xTaskIncrementTick
                0x000000000800adf4      0x170 ./Middlewares/Third_Party/FreeRTOS/Source/tasks.o
                0x000000000800adf4                xTaskIncrementTick
 .text.vTaskSwitchContext
                0x000000000800af64      0x100 ./Middlewares/Third_Party/FreeRTOS/Source/tasks.o
                0x000000000800af64                vTaskSwitchContext
 .text.vTaskPlaceOnEventList
                0x000000000800b064       0x48 ./Middlewares/Third_Party/FreeRTOS/Source/tasks.o
                0x000000000800b064                vTaskPlaceOnEventList
 .text.xTaskRemoveFromEventList
                0x000000000800b0ac       0xc4 ./Middlewares/Third_Party/FreeRTOS/Source/tasks.o
                0x000000000800b0ac                xTaskRemoveFromEventList
 .text.vTaskInternalSetTimeOutState
                0x000000000800b170       0x2c ./Middlewares/Third_Party/FreeRTOS/Source/tasks.o
                0x000000000800b170                vTaskInternalSetTimeOutState
 .text.xTaskCheckForTimeOut
                0x000000000800b19c       0xc4 ./Middlewares/Third_Party/FreeRTOS/Source/tasks.o
                0x000000000800b19c                xTaskCheckForTimeOut
 .text.vTaskMissedYield
                0x000000000800b260       0x18 ./Middlewares/Third_Party/FreeRTOS/Source/tasks.o
                0x000000000800b260                vTaskMissedYield
 .text.prvIdleTask
                0x000000000800b278       0x34 ./Middlewares/Third_Party/FreeRTOS/Source/tasks.o
 .text.prvInitialiseTaskLists
                0x000000000800b2ac       0x80 ./Middlewares/Third_Party/FreeRTOS/Source/tasks.o
 .text.prvCheckTasksWaitingTermination
                0x000000000800b32c       0x5c ./Middlewares/Third_Party/FreeRTOS/Source/tasks.o
 .text.prvDeleteTCB
                0x000000000800b388       0x5e ./Middlewares/Third_Party/FreeRTOS/Source/tasks.o
 *fill*         0x000000000800b3e6        0x2 
 .text.prvResetNextTaskUnblockTime
                0x000000000800b3e8       0x40 ./Middlewares/Third_Party/FreeRTOS/Source/tasks.o
 .text.xTaskGetSchedulerState
                0x000000000800b428       0x3c ./Middlewares/Third_Party/FreeRTOS/Source/tasks.o
                0x000000000800b428                xTaskGetSchedulerState
 .text.xTaskPriorityDisinherit
                0x000000000800b464      0x10c ./Middlewares/Third_Party/FreeRTOS/Source/tasks.o
                0x000000000800b464                xTaskPriorityDisinherit
 .text.prvAddCurrentTaskToDelayedList
                0x000000000800b570       0xcc ./Middlewares/Third_Party/FreeRTOS/Source/tasks.o
 .text.pxPortInitialiseStack
                0x000000000800b63c       0x68 ./Middlewares/Third_Party/FreeRTOS/Source/portable/GCC/ARM_CM4F/port.o
                0x000000000800b63c                pxPortInitialiseStack
 .text.prvTaskExitError
                0x000000000800b6a4       0x58 ./Middlewares/Third_Party/FreeRTOS/Source/portable/GCC/ARM_CM4F/port.o
 *fill*         0x000000000800b6fc        0x4 
 .text.SVC_Handler
                0x000000000800b700       0x28 ./Middlewares/Third_Party/FreeRTOS/Source/portable/GCC/ARM_CM4F/port.o
                0x000000000800b700                SVC_Handler
 .text.prvPortStartFirstTask
                0x000000000800b728       0x28 ./Middlewares/Third_Party/FreeRTOS/Source/portable/GCC/ARM_CM4F/port.o
 .text.xPortStartScheduler
                0x000000000800b750      0x144 ./Middlewares/Third_Party/FreeRTOS/Source/portable/GCC/ARM_CM4F/port.o
                0x000000000800b750                xPortStartScheduler
 .text.vPortEnterCritical
                0x000000000800b894       0x60 ./Middlewares/Third_Party/FreeRTOS/Source/portable/GCC/ARM_CM4F/port.o
                0x000000000800b894                vPortEnterCritical
 .text.vPortExitCritical
                0x000000000800b8f4       0x54 ./Middlewares/Third_Party/FreeRTOS/Source/portable/GCC/ARM_CM4F/port.o
                0x000000000800b8f4                vPortExitCritical
 *fill*         0x000000000800b948        0x8 
 .text.PendSV_Handler
                0x000000000800b950       0x68 ./Middlewares/Third_Party/FreeRTOS/Source/portable/GCC/ARM_CM4F/port.o
                0x000000000800b950                PendSV_Handler
 .text.SysTick_Handler
                0x000000000800b9b8       0x44 ./Middlewares/Third_Party/FreeRTOS/Source/portable/GCC/ARM_CM4F/port.o
                0x000000000800b9b8                SysTick_Handler
 .text.vPortSetupTimerInterrupt
                0x000000000800b9fc       0x48 ./Middlewares/Third_Party/FreeRTOS/Source/portable/GCC/ARM_CM4F/port.o
                0x000000000800b9fc                vPortSetupTimerInterrupt
 .text.vPortEnableVFP
                0x000000000800ba44       0x14 ./Middlewares/Third_Party/FreeRTOS/Source/portable/GCC/ARM_CM4F/port.o
 .text.vPortValidateInterruptPriority
                0x000000000800ba58       0x80 ./Middlewares/Third_Party/FreeRTOS/Source/portable/GCC/ARM_CM4F/port.o
                0x000000000800ba58                vPortValidateInterruptPriority
 .text.pvPortMalloc
                0x000000000800bad8      0x1a0 ./Middlewares/Third_Party/FreeRTOS/Source/portable/MemMang/heap_4.o
                0x000000000800bad8                pvPortMalloc
 .text.vPortFree
                0x000000000800bc78       0xc4 ./Middlewares/Third_Party/FreeRTOS/Source/portable/MemMang/heap_4.o
                0x000000000800bc78                vPortFree
 .text.prvHeapInit
                0x000000000800bd3c       0xc4 ./Middlewares/Third_Party/FreeRTOS/Source/portable/MemMang/heap_4.o
 .text.prvInsertBlockIntoFreeList
                0x000000000800be00       0xb4 ./Middlewares/Third_Party/FreeRTOS/Source/portable/MemMang/heap_4.o
 .text.MX_USB_HOST_Init
                0x000000000800beb4       0x4c ./USB_HOST/App/usb_host.o
                0x000000000800beb4                MX_USB_HOST_Init
 .text.USBH_UserProcess
                0x000000000800bf00       0x5c ./USB_HOST/App/usb_host.o
 .text.HAL_HCD_MspInit
                0x000000000800bf5c       0xbc ./USB_HOST/Target/usbh_conf.o
                0x000000000800bf5c                HAL_HCD_MspInit
 .text.HAL_HCD_SOF_Callback
                0x000000000800c018       0x1c ./USB_HOST/Target/usbh_conf.o
                0x000000000800c018                HAL_HCD_SOF_Callback
 .text.HAL_HCD_Connect_Callback
                0x000000000800c034       0x1c ./USB_HOST/Target/usbh_conf.o
                0x000000000800c034                HAL_HCD_Connect_Callback
 .text.HAL_HCD_Disconnect_Callback
                0x000000000800c050       0x1c ./USB_HOST/Target/usbh_conf.o
                0x000000000800c050                HAL_HCD_Disconnect_Callback
 .text.HAL_HCD_HC_NotifyURBChange_Callback
                0x000000000800c06c       0x24 ./USB_HOST/Target/usbh_conf.o
                0x000000000800c06c                HAL_HCD_HC_NotifyURBChange_Callback
 .text.HAL_HCD_PortEnabled_Callback
                0x000000000800c090       0x1c ./USB_HOST/Target/usbh_conf.o
                0x000000000800c090                HAL_HCD_PortEnabled_Callback
 .text.HAL_HCD_PortDisabled_Callback
                0x000000000800c0ac       0x1c ./USB_HOST/Target/usbh_conf.o
                0x000000000800c0ac                HAL_HCD_PortDisabled_Callback
 .text.USBH_LL_Init
                0x000000000800c0c8       0x8c ./USB_HOST/Target/usbh_conf.o
                0x000000000800c0c8                USBH_LL_Init
 .text.USBH_LL_Start
                0x000000000800c154       0x36 ./USB_HOST/Target/usbh_conf.o
                0x000000000800c154                USBH_LL_Start
 .text.USBH_LL_Stop
                0x000000000800c18a       0x36 ./USB_HOST/Target/usbh_conf.o
                0x000000000800c18a                USBH_LL_Stop
 .text.USBH_LL_GetSpeed
                0x000000000800c1c0       0x4e ./USB_HOST/Target/usbh_conf.o
                0x000000000800c1c0                USBH_LL_GetSpeed
 .text.USBH_LL_ResetPort
                0x000000000800c20e       0x36 ./USB_HOST/Target/usbh_conf.o
                0x000000000800c20e                USBH_LL_ResetPort
 .text.USBH_LL_GetLastXferSize
                0x000000000800c244       0x26 ./USB_HOST/Target/usbh_conf.o
                0x000000000800c244                USBH_LL_GetLastXferSize
 .text.USBH_LL_OpenPipe
                0x000000000800c26a       0x5e ./USB_HOST/Target/usbh_conf.o
                0x000000000800c26a                USBH_LL_OpenPipe
 .text.USBH_LL_ClosePipe
                0x000000000800c2c8       0x3e ./USB_HOST/Target/usbh_conf.o
                0x000000000800c2c8                USBH_LL_ClosePipe
 .text.USBH_LL_SubmitURB
                0x000000000800c306       0x62 ./USB_HOST/Target/usbh_conf.o
                0x000000000800c306                USBH_LL_SubmitURB
 .text.USBH_LL_GetURBState
                0x000000000800c368       0x26 ./USB_HOST/Target/usbh_conf.o
                0x000000000800c368                USBH_LL_GetURBState
 .text.USBH_LL_DriverVBUS
                0x000000000800c38e       0x2e ./USB_HOST/Target/usbh_conf.o
                0x000000000800c38e                USBH_LL_DriverVBUS
 .text.USBH_LL_SetToggle
                0x000000000800c3bc       0x60 ./USB_HOST/Target/usbh_conf.o
                0x000000000800c3bc                USBH_LL_SetToggle
 .text.USBH_Delay
                0x000000000800c41c       0x16 ./USB_HOST/Target/usbh_conf.o
                0x000000000800c41c                USBH_Delay
 *fill*         0x000000000800c432        0x2 
 .text.USBH_Get_USB_Status
                0x000000000800c434       0x58 ./USB_HOST/Target/usbh_conf.o
                0x000000000800c434                USBH_Get_USB_Status
 .text.MX_DriverVbusHS
                0x000000000800c48c       0x38 ./USB_HOST/Target/usbh_platform.o
                0x000000000800c48c                MX_DriverVbusHS
 .text.__errno  0x000000000800c4c4        0xc c:/st/stm32cubeide_1.11.0/stm32cubeide/plugins/com.st.stm32cube.ide.mcu.externaltools.gnu-tools-for-stm32.10.3-2021.10.win32_1.0.100.202210260954/tools/bin/../lib/gcc/arm-none-eabi/10.3.1/../../../../arm-none-eabi/lib/thumb/v7e-m+fp/hard\libc_nano.a(lib_a-errno.o)
                0x000000000800c4c4                __errno
 .text.__libc_init_array
                0x000000000800c4d0       0x48 c:/st/stm32cubeide_1.11.0/stm32cubeide/plugins/com.st.stm32cube.ide.mcu.externaltools.gnu-tools-for-stm32.10.3-2021.10.win32_1.0.100.202210260954/tools/bin/../lib/gcc/arm-none-eabi/10.3.1/../../../../arm-none-eabi/lib/thumb/v7e-m+fp/hard\libc_nano.a(lib_a-init.o)
                0x000000000800c4d0                __libc_init_array
 .text.malloc   0x000000000800c518       0x10 c:/st/stm32cubeide_1.11.0/stm32cubeide/plugins/com.st.stm32cube.ide.mcu.externaltools.gnu-tools-for-stm32.10.3-2021.10.win32_1.0.100.202210260954/tools/bin/../lib/gcc/arm-none-eabi/10.3.1/../../../../arm-none-eabi/lib/thumb/v7e-m+fp/hard\libc_nano.a(lib_a-malloc.o)
                0x000000000800c518                malloc
 .text.free     0x000000000800c528       0x10 c:/st/stm32cubeide_1.11.0/stm32cubeide/plugins/com.st.stm32cube.ide.mcu.externaltools.gnu-tools-for-stm32.10.3-2021.10.win32_1.0.100.202210260954/tools/bin/../lib/gcc/arm-none-eabi/10.3.1/../../../../arm-none-eabi/lib/thumb/v7e-m+fp/hard\libc_nano.a(lib_a-malloc.o)
                0x000000000800c528                free
 .text.memcpy   0x000000000800c538       0x1c c:/st/stm32cubeide_1.11.0/stm32cubeide/plugins/com.st.stm32cube.ide.mcu.externaltools.gnu-tools-for-stm32.10.3-2021.10.win32_1.0.100.202210260954/tools/bin/../lib/gcc/arm-none-eabi/10.3.1/../../../../arm-none-eabi/lib/thumb/v7e-m+fp/hard\libc_nano.a(lib_a-memcpy-stub.o)
                0x000000000800c538                memcpy
 .text.memset   0x000000000800c554       0x10 c:/st/stm32cubeide_1.11.0/stm32cubeide/plugins/com.st.stm32cube.ide.mcu.externaltools.gnu-tools-for-stm32.10.3-2021.10.win32_1.0.100.202210260954/tools/bin/../lib/gcc/arm-none-eabi/10.3.1/../../../../arm-none-eabi/lib/thumb/v7e-m+fp/hard\libc_nano.a(lib_a-memset.o)
                0x000000000800c554                memset
 .text._free_r  0x000000000800c564       0x98 c:/st/stm32cubeide_1.11.0/stm32cubeide/plugins/com.st.stm32cube.ide.mcu.externaltools.gnu-tools-for-stm32.10.3-2021.10.win32_1.0.100.202210260954/tools/bin/../lib/gcc/arm-none-eabi/10.3.1/../../../../arm-none-eabi/lib/thumb/v7e-m+fp/hard\libc_nano.a(lib_a-nano-freer.o)
                0x000000000800c564                _free_r
 .text.sbrk_aligned
                0x000000000800c5fc       0x40 c:/st/stm32cubeide_1.11.0/stm32cubeide/plugins/com.st.stm32cube.ide.mcu.externaltools.gnu-tools-for-stm32.10.3-2021.10.win32_1.0.100.202210260954/tools/bin/../lib/gcc/arm-none-eabi/10.3.1/../../../../arm-none-eabi/lib/thumb/v7e-m+fp/hard\libc_nano.a(lib_a-nano-mallocr.o)
 .text._malloc_r
                0x000000000800c63c       0xe8 c:/st/stm32cubeide_1.11.0/stm32cubeide/plugins/com.st.stm32cube.ide.mcu.externaltools.gnu-tools-for-stm32.10.3-2021.10.win32_1.0.100.202210260954/tools/bin/../lib/gcc/arm-none-eabi/10.3.1/../../../../arm-none-eabi/lib/thumb/v7e-m+fp/hard\libc_nano.a(lib_a-nano-mallocr.o)
                0x000000000800c63c                _malloc_r
 .text._sbrk_r  0x000000000800c724       0x20 c:/st/stm32cubeide_1.11.0/stm32cubeide/plugins/com.st.stm32cube.ide.mcu.externaltools.gnu-tools-for-stm32.10.3-2021.10.win32_1.0.100.202210260954/tools/bin/../lib/gcc/arm-none-eabi/10.3.1/../../../../arm-none-eabi/lib/thumb/v7e-m+fp/hard\libc_nano.a(lib_a-sbrkr.o)
                0x000000000800c724                _sbrk_r
 .text.vprintf  0x000000000800c744       0x30 c:/st/stm32cubeide_1.11.0/stm32cubeide/plugins/com.st.stm32cube.ide.mcu.externaltools.gnu-tools-for-stm32.10.3-2021.10.win32_1.0.100.202210260954/tools/bin/../lib/gcc/arm-none-eabi/10.3.1/../../../../arm-none-eabi/lib/thumb/v7e-m+fp/hard\libc_nano.a(lib_a-vprintf.o)
                0x000000000800c744                viprintf
                0x000000000800c744                vprintf
 .text.std      0x000000000800c774       0x48 c:/st/stm32cubeide_1.11.0/stm32cubeide/plugins/com.st.stm32cube.ide.mcu.externaltools.gnu-tools-for-stm32.10.3-2021.10.win32_1.0.100.202210260954/tools/bin/../lib/gcc/arm-none-eabi/10.3.1/../../../../arm-none-eabi/lib/thumb/v7e-m+fp/hard\libc_nano.a(lib_a-findfp.o)
 .text._cleanup_r
                0x000000000800c7bc        0xc c:/st/stm32cubeide_1.11.0/stm32cubeide/plugins/com.st.stm32cube.ide.mcu.externaltools.gnu-tools-for-stm32.10.3-2021.10.win32_1.0.100.202210260954/tools/bin/../lib/gcc/arm-none-eabi/10.3.1/../../../../arm-none-eabi/lib/thumb/v7e-m+fp/hard\libc_nano.a(lib_a-findfp.o)
                0x000000000800c7bc                _cleanup_r
 .text.__sfmoreglue
                0x000000000800c7c8       0x2c c:/st/stm32cubeide_1.11.0/stm32cubeide/plugins/com.st.stm32cube.ide.mcu.externaltools.gnu-tools-for-stm32.10.3-2021.10.win32_1.0.100.202210260954/tools/bin/../lib/gcc/arm-none-eabi/10.3.1/../../../../arm-none-eabi/lib/thumb/v7e-m+fp/hard\libc_nano.a(lib_a-findfp.o)
                0x000000000800c7c8                __sfmoreglue
 .text.__sfp_lock_acquire
                0x000000000800c7f4        0xc c:/st/stm32cubeide_1.11.0/stm32cubeide/plugins/com.st.stm32cube.ide.mcu.externaltools.gnu-tools-for-stm32.10.3-2021.10.win32_1.0.100.202210260954/tools/bin/../lib/gcc/arm-none-eabi/10.3.1/../../../../arm-none-eabi/lib/thumb/v7e-m+fp/hard\libc_nano.a(lib_a-findfp.o)
                0x000000000800c7f4                __sfp_lock_acquire
 .text.__sfp_lock_release
                0x000000000800c800        0xc c:/st/stm32cubeide_1.11.0/stm32cubeide/plugins/com.st.stm32cube.ide.mcu.externaltools.gnu-tools-for-stm32.10.3-2021.10.win32_1.0.100.202210260954/tools/bin/../lib/gcc/arm-none-eabi/10.3.1/../../../../arm-none-eabi/lib/thumb/v7e-m+fp/hard\libc_nano.a(lib_a-findfp.o)
                0x000000000800c800                __sfp_lock_release
 .text.__sinit_lock_acquire
                0x000000000800c80c        0xc c:/st/stm32cubeide_1.11.0/stm32cubeide/plugins/com.st.stm32cube.ide.mcu.externaltools.gnu-tools-for-stm32.10.3-2021.10.win32_1.0.100.202210260954/tools/bin/../lib/gcc/arm-none-eabi/10.3.1/../../../../arm-none-eabi/lib/thumb/v7e-m+fp/hard\libc_nano.a(lib_a-findfp.o)
                0x000000000800c80c                __sinit_lock_acquire
 .text.__sinit_lock_release
                0x000000000800c818        0xc c:/st/stm32cubeide_1.11.0/stm32cubeide/plugins/com.st.stm32cube.ide.mcu.externaltools.gnu-tools-for-stm32.10.3-2021.10.win32_1.0.100.202210260954/tools/bin/../lib/gcc/arm-none-eabi/10.3.1/../../../../arm-none-eabi/lib/thumb/v7e-m+fp/hard\libc_nano.a(lib_a-findfp.o)
                0x000000000800c818                __sinit_lock_release
 .text.__sinit  0x000000000800c824       0x70 c:/st/stm32cubeide_1.11.0/stm32cubeide/plugins/com.st.stm32cube.ide.mcu.externaltools.gnu-tools-for-stm32.10.3-2021.10.win32_1.0.100.202210260954/tools/bin/../lib/gcc/arm-none-eabi/10.3.1/../../../../arm-none-eabi/lib/thumb/v7e-m+fp/hard\libc_nano.a(lib_a-findfp.o)
                0x000000000800c824                __sinit
 .text.__sfp    0x000000000800c894       0x8c c:/st/stm32cubeide_1.11.0/stm32cubeide/plugins/com.st.stm32cube.ide.mcu.externaltools.gnu-tools-for-stm32.10.3-2021.10.win32_1.0.100.202210260954/tools/bin/../lib/gcc/arm-none-eabi/10.3.1/../../../../arm-none-eabi/lib/thumb/v7e-m+fp/hard\libc_nano.a(lib_a-findfp.o)
                0x000000000800c894                __sfp
 .text._fwalk_reent
                0x000000000800c920       0x3e c:/st/stm32cubeide_1.11.0/stm32cubeide/plugins/com.st.stm32cube.ide.mcu.externaltools.gnu-tools-for-stm32.10.3-2021.10.win32_1.0.100.202210260954/tools/bin/../lib/gcc/arm-none-eabi/10.3.1/../../../../arm-none-eabi/lib/thumb/v7e-m+fp/hard\libc_nano.a(lib_a-fwalk.o)
                0x000000000800c920                _fwalk_reent
 .text.__retarget_lock_init_recursive
                0x000000000800c95e        0x2 c:/st/stm32cubeide_1.11.0/stm32cubeide/plugins/com.st.stm32cube.ide.mcu.externaltools.gnu-tools-for-stm32.10.3-2021.10.win32_1.0.100.202210260954/tools/bin/../lib/gcc/arm-none-eabi/10.3.1/../../../../arm-none-eabi/lib/thumb/v7e-m+fp/hard\libc_nano.a(lib_a-lock.o)
                0x000000000800c95e                __retarget_lock_init_recursive
 .text.__retarget_lock_acquire_recursive
                0x000000000800c960        0x2 c:/st/stm32cubeide_1.11.0/stm32cubeide/plugins/com.st.stm32cube.ide.mcu.externaltools.gnu-tools-for-stm32.10.3-2021.10.win32_1.0.100.202210260954/tools/bin/../lib/gcc/arm-none-eabi/10.3.1/../../../../arm-none-eabi/lib/thumb/v7e-m+fp/hard\libc_nano.a(lib_a-lock.o)
                0x000000000800c960                __retarget_lock_acquire_recursive
 .text.__retarget_lock_release_recursive
                0x000000000800c962        0x2 c:/st/stm32cubeide_1.11.0/stm32cubeide/plugins/com.st.stm32cube.ide.mcu.externaltools.gnu-tools-for-stm32.10.3-2021.10.win32_1.0.100.202210260954/tools/bin/../lib/gcc/arm-none-eabi/10.3.1/../../../../arm-none-eabi/lib/thumb/v7e-m+fp/hard\libc_nano.a(lib_a-lock.o)
                0x000000000800c962                __retarget_lock_release_recursive
 .text.__malloc_lock
                0x000000000800c964        0xc c:/st/stm32cubeide_1.11.0/stm32cubeide/plugins/com.st.stm32cube.ide.mcu.externaltools.gnu-tools-for-stm32.10.3-2021.10.win32_1.0.100.202210260954/tools/bin/../lib/gcc/arm-none-eabi/10.3.1/../../../../arm-none-eabi/lib/thumb/v7e-m+fp/hard\libc_nano.a(lib_a-mlock.o)
                0x000000000800c964                __malloc_lock
 .text.__malloc_unlock
                0x000000000800c970        0xc c:/st/stm32cubeide_1.11.0/stm32cubeide/plugins/com.st.stm32cube.ide.mcu.externaltools.gnu-tools-for-stm32.10.3-2021.10.win32_1.0.100.202210260954/tools/bin/../lib/gcc/arm-none-eabi/10.3.1/../../../../arm-none-eabi/lib/thumb/v7e-m+fp/hard\libc_nano.a(lib_a-mlock.o)
                0x000000000800c970                __malloc_unlock
 .text.__sfputc_r
                0x000000000800c97c       0x2e c:/st/stm32cubeide_1.11.0/stm32cubeide/plugins/com.st.stm32cube.ide.mcu.externaltools.gnu-tools-for-stm32.10.3-2021.10.win32_1.0.100.202210260954/tools/bin/../lib/gcc/arm-none-eabi/10.3.1/../../../../arm-none-eabi/lib/thumb/v7e-m+fp/hard\libc_nano.a(lib_a-nano-vfprintf.o)
 .text.__sfputs_r
                0x000000000800c9aa       0x24 c:/st/stm32cubeide_1.11.0/stm32cubeide/plugins/com.st.stm32cube.ide.mcu.externaltools.gnu-tools-for-stm32.10.3-2021.10.win32_1.0.100.202210260954/tools/bin/../lib/gcc/arm-none-eabi/10.3.1/../../../../arm-none-eabi/lib/thumb/v7e-m+fp/hard\libc_nano.a(lib_a-nano-vfprintf.o)
                0x000000000800c9aa                __sfputs_r
 *fill*         0x000000000800c9ce        0x2 
 .text._vfprintf_r
                0x000000000800c9d0      0x260 c:/st/stm32cubeide_1.11.0/stm32cubeide/plugins/com.st.stm32cube.ide.mcu.externaltools.gnu-tools-for-stm32.10.3-2021.10.win32_1.0.100.202210260954/tools/bin/../lib/gcc/arm-none-eabi/10.3.1/../../../../arm-none-eabi/lib/thumb/v7e-m+fp/hard\libc_nano.a(lib_a-nano-vfprintf.o)
                0x000000000800c9d0                _vfprintf_r
                0x000000000800c9d0                _vfiprintf_r
 .text._printf_common
                0x000000000800cc30       0xda c:/st/stm32cubeide_1.11.0/stm32cubeide/plugins/com.st.stm32cube.ide.mcu.externaltools.gnu-tools-for-stm32.10.3-2021.10.win32_1.0.100.202210260954/tools/bin/../lib/gcc/arm-none-eabi/10.3.1/../../../../arm-none-eabi/lib/thumb/v7e-m+fp/hard\libc_nano.a(lib_a-nano-vfprintf_i.o)
                0x000000000800cc30                _printf_common
 *fill*         0x000000000800cd0a        0x2 
 .text._printf_i
                0x000000000800cd0c      0x24c c:/st/stm32cubeide_1.11.0/stm32cubeide/plugins/com.st.stm32cube.ide.mcu.externaltools.gnu-tools-for-stm32.10.3-2021.10.win32_1.0.100.202210260954/tools/bin/../lib/gcc/arm-none-eabi/10.3.1/../../../../arm-none-eabi/lib/thumb/v7e-m+fp/hard\libc_nano.a(lib_a-nano-vfprintf_i.o)
                0x000000000800cd0c                _printf_i
 .text.__sread  0x000000000800cf58       0x22 c:/st/stm32cubeide_1.11.0/stm32cubeide/plugins/com.st.stm32cube.ide.mcu.externaltools.gnu-tools-for-stm32.10.3-2021.10.win32_1.0.100.202210260954/tools/bin/../lib/gcc/arm-none-eabi/10.3.1/../../../../arm-none-eabi/lib/thumb/v7e-m+fp/hard\libc_nano.a(lib_a-stdio.o)
                0x000000000800cf58                __sread
 .text.__swrite
                0x000000000800cf7a       0x38 c:/st/stm32cubeide_1.11.0/stm32cubeide/plugins/com.st.stm32cube.ide.mcu.externaltools.gnu-tools-for-stm32.10.3-2021.10.win32_1.0.100.202210260954/tools/bin/../lib/gcc/arm-none-eabi/10.3.1/../../../../arm-none-eabi/lib/thumb/v7e-m+fp/hard\libc_nano.a(lib_a-stdio.o)
                0x000000000800cf7a                __swrite
 .text.__sseek  0x000000000800cfb2       0x24 c:/st/stm32cubeide_1.11.0/stm32cubeide/plugins/com.st.stm32cube.ide.mcu.externaltools.gnu-tools-for-stm32.10.3-2021.10.win32_1.0.100.202210260954/tools/bin/../lib/gcc/arm-none-eabi/10.3.1/../../../../arm-none-eabi/lib/thumb/v7e-m+fp/hard\libc_nano.a(lib_a-stdio.o)
                0x000000000800cfb2                __sseek
 .text.__sclose
                0x000000000800cfd6        0x8 c:/st/stm32cubeide_1.11.0/stm32cubeide/plugins/com.st.stm32cube.ide.mcu.externaltools.gnu-tools-for-stm32.10.3-2021.10.win32_1.0.100.202210260954/tools/bin/../lib/gcc/arm-none-eabi/10.3.1/../../../../arm-none-eabi/lib/thumb/v7e-m+fp/hard\libc_nano.a(lib_a-stdio.o)
                0x000000000800cfd6                __sclose
 *fill*         0x000000000800cfde        0x2 
 .text.__swbuf_r
                0x000000000800cfe0       0xa4 c:/st/stm32cubeide_1.11.0/stm32cubeide/plugins/com.st.stm32cube.ide.mcu.externaltools.gnu-tools-for-stm32.10.3-2021.10.win32_1.0.100.202210260954/tools/bin/../lib/gcc/arm-none-eabi/10.3.1/../../../../arm-none-eabi/lib/thumb/v7e-m+fp/hard\libc_nano.a(lib_a-wbuf.o)
                0x000000000800cfe0                __swbuf_r
 .text._write_r
                0x000000000800d084       0x24 c:/st/stm32cubeide_1.11.0/stm32cubeide/plugins/com.st.stm32cube.ide.mcu.externaltools.gnu-tools-for-stm32.10.3-2021.10.win32_1.0.100.202210260954/tools/bin/../lib/gcc/arm-none-eabi/10.3.1/../../../../arm-none-eabi/lib/thumb/v7e-m+fp/hard\libc_nano.a(lib_a-writer.o)
                0x000000000800d084                _write_r
 .text.__swsetup_r
                0x000000000800d0a8       0xdc c:/st/stm32cubeide_1.11.0/stm32cubeide/plugins/com.st.stm32cube.ide.mcu.externaltools.gnu-tools-for-stm32.10.3-2021.10.win32_1.0.100.202210260954/tools/bin/../lib/gcc/arm-none-eabi/10.3.1/../../../../arm-none-eabi/lib/thumb/v7e-m+fp/hard\libc_nano.a(lib_a-wsetup.o)
                0x000000000800d0a8                __swsetup_r
 .text._close_r
                0x000000000800d184       0x20 c:/st/stm32cubeide_1.11.0/stm32cubeide/plugins/com.st.stm32cube.ide.mcu.externaltools.gnu-tools-for-stm32.10.3-2021.10.win32_1.0.100.202210260954/tools/bin/../lib/gcc/arm-none-eabi/10.3.1/../../../../arm-none-eabi/lib/thumb/v7e-m+fp/hard\libc_nano.a(lib_a-closer.o)
                0x000000000800d184                _close_r
 .text.__sflush_r
                0x000000000800d1a4      0x10c c:/st/stm32cubeide_1.11.0/stm32cubeide/plugins/com.st.stm32cube.ide.mcu.externaltools.gnu-tools-for-stm32.10.3-2021.10.win32_1.0.100.202210260954/tools/bin/../lib/gcc/arm-none-eabi/10.3.1/../../../../arm-none-eabi/lib/thumb/v7e-m+fp/hard\libc_nano.a(lib_a-fflush.o)
                0x000000000800d1a4                __sflush_r
 .text._fflush_r
                0x000000000800d2b0       0x78 c:/st/stm32cubeide_1.11.0/stm32cubeide/plugins/com.st.stm32cube.ide.mcu.externaltools.gnu-tools-for-stm32.10.3-2021.10.win32_1.0.100.202210260954/tools/bin/../lib/gcc/arm-none-eabi/10.3.1/../../../../arm-none-eabi/lib/thumb/v7e-m+fp/hard\libc_nano.a(lib_a-fflush.o)
                0x000000000800d2b0                _fflush_r
 .text._lseek_r
                0x000000000800d328       0x24 c:/st/stm32cubeide_1.11.0/stm32cubeide/plugins/com.st.stm32cube.ide.mcu.externaltools.gnu-tools-for-stm32.10.3-2021.10.win32_1.0.100.202210260954/tools/bin/../lib/gcc/arm-none-eabi/10.3.1/../../../../arm-none-eabi/lib/thumb/v7e-m+fp/hard\libc_nano.a(lib_a-lseekr.o)
                0x000000000800d328                _lseek_r
 .text.__swhatbuf_r
                0x000000000800d34c       0x4a c:/st/stm32cubeide_1.11.0/stm32cubeide/plugins/com.st.stm32cube.ide.mcu.externaltools.gnu-tools-for-stm32.10.3-2021.10.win32_1.0.100.202210260954/tools/bin/../lib/gcc/arm-none-eabi/10.3.1/../../../../arm-none-eabi/lib/thumb/v7e-m+fp/hard\libc_nano.a(lib_a-makebuf.o)
                0x000000000800d34c                __swhatbuf_r
 *fill*         0x000000000800d396        0x2 
 .text.__smakebuf_r
                0x000000000800d398       0x80 c:/st/stm32cubeide_1.11.0/stm32cubeide/plugins/com.st.stm32cube.ide.mcu.externaltools.gnu-tools-for-stm32.10.3-2021.10.win32_1.0.100.202210260954/tools/bin/../lib/gcc/arm-none-eabi/10.3.1/../../../../arm-none-eabi/lib/thumb/v7e-m+fp/hard\libc_nano.a(lib_a-makebuf.o)
                0x000000000800d398                __smakebuf_r
 .text._read_r  0x000000000800d418       0x24 c:/st/stm32cubeide_1.11.0/stm32cubeide/plugins/com.st.stm32cube.ide.mcu.externaltools.gnu-tools-for-stm32.10.3-2021.10.win32_1.0.100.202210260954/tools/bin/../lib/gcc/arm-none-eabi/10.3.1/../../../../arm-none-eabi/lib/thumb/v7e-m+fp/hard\libc_nano.a(lib_a-readr.o)
                0x000000000800d418                _read_r
 .text._fstat_r
                0x000000000800d43c       0x24 c:/st/stm32cubeide_1.11.0/stm32cubeide/plugins/com.st.stm32cube.ide.mcu.externaltools.gnu-tools-for-stm32.10.3-2021.10.win32_1.0.100.202210260954/tools/bin/../lib/gcc/arm-none-eabi/10.3.1/../../../../arm-none-eabi/lib/thumb/v7e-m+fp/hard\libc_nano.a(lib_a-fstatr.o)
                0x000000000800d43c                _fstat_r
 .text._isatty_r
                0x000000000800d460       0x20 c:/st/stm32cubeide_1.11.0/stm32cubeide/plugins/com.st.stm32cube.ide.mcu.externaltools.gnu-tools-for-stm32.10.3-2021.10.win32_1.0.100.202210260954/tools/bin/../lib/gcc/arm-none-eabi/10.3.1/../../../../arm-none-eabi/lib/thumb/v7e-m+fp/hard\libc_nano.a(lib_a-isattyr.o)
                0x000000000800d460                _isatty_r
 *(.glue_7)
 .glue_7        0x000000000800d480        0x0 linker stubs
 *(.glue_7t)
 .glue_7t       0x000000000800d480        0x0 linker stubs
 *(.eh_frame)
 .eh_frame      0x000000000800d480        0x0 c:/st/stm32cubeide_1.11.0/stm32cubeide/plugins/com.st.stm32cube.ide.mcu.externaltools.gnu-tools-for-stm32.10.3-2021.10.win32_1.0.100.202210260954/tools/bin/../lib/gcc/arm-none-eabi/10.3.1/thumb/v7e-m+fp/hard/crtbegin.o
 *(.init)
 .init          0x000000000800d480        0x4 c:/st/stm32cubeide_1.11.0/stm32cubeide/plugins/com.st.stm32cube.ide.mcu.externaltools.gnu-tools-for-stm32.10.3-2021.10.win32_1.0.100.202210260954/tools/bin/../lib/gcc/arm-none-eabi/10.3.1/thumb/v7e-m+fp/hard/crti.o
                0x000000000800d480                _init
 .init          0x000000000800d484        0x8 c:/st/stm32cubeide_1.11.0/stm32cubeide/plugins/com.st.stm32cube.ide.mcu.externaltools.gnu-tools-for-stm32.10.3-2021.10.win32_1.0.100.202210260954/tools/bin/../lib/gcc/arm-none-eabi/10.3.1/thumb/v7e-m+fp/hard/crtn.o
 *(.fini)
 .fini          0x000000000800d48c        0x4 c:/st/stm32cubeide_1.11.0/stm32cubeide/plugins/com.st.stm32cube.ide.mcu.externaltools.gnu-tools-for-stm32.10.3-2021.10.win32_1.0.100.202210260954/tools/bin/../lib/gcc/arm-none-eabi/10.3.1/thumb/v7e-m+fp/hard/crti.o
                0x000000000800d48c                _fini
 .fini          0x000000000800d490        0x8 c:/st/stm32cubeide_1.11.0/stm32cubeide/plugins/com.st.stm32cube.ide.mcu.externaltools.gnu-tools-for-stm32.10.3-2021.10.win32_1.0.100.202210260954/tools/bin/../lib/gcc/arm-none-eabi/10.3.1/thumb/v7e-m+fp/hard/crtn.o
                0x000000000800d498                . = ALIGN (0x4)
                0x000000000800d498                _etext = .

.vfp11_veneer   0x000000000800d498        0x0
 .vfp11_veneer  0x000000000800d498        0x0 linker stubs

.v4_bx          0x000000000800d498        0x0
 .v4_bx         0x000000000800d498        0x0 linker stubs

.iplt           0x000000000800d498        0x0
 .iplt          0x000000000800d498        0x0 c:/st/stm32cubeide_1.11.0/stm32cubeide/plugins/com.st.stm32cube.ide.mcu.externaltools.gnu-tools-for-stm32.10.3-2021.10.win32_1.0.100.202210260954/tools/bin/../lib/gcc/arm-none-eabi/10.3.1/thumb/v7e-m+fp/hard/crtbegin.o

.rodata         0x000000000800d498      0x134
                0x000000000800d498                . = ALIGN (0x4)
 *(.rodata)
 .rodata        0x000000000800d498       0x3d ./Core/Src/main.o
 *fill*         0x000000000800d4d5        0x3 
 .rodata        0x000000000800d4d8        0x4 ./Middlewares/ST/STM32_USB_Host_Library/Class/CDC/Src/usbh_cdc.o
 .rodata        0x000000000800d4dc       0x38 ./Middlewares/ST/STM32_USB_Host_Library/Core/Src/usbh_core.o
 .rodata        0x000000000800d514        0x5 ./Middlewares/Third_Party/FreeRTOS/Source/tasks.o
 *(.rodata*)
 *fill*         0x000000000800d519        0x3 
 .rodata.AHBPrescTable
                0x000000000800d51c       0x10 ./Core/Src/system_stm32f4xx.o
                0x000000000800d51c                AHBPrescTable
 .rodata.APBPrescTable
                0x000000000800d52c        0x8 ./Core/Src/system_stm32f4xx.o
                0x000000000800d52c                APBPrescTable
 .rodata._global_impure_ptr
                0x000000000800d534        0x4 c:/st/stm32cubeide_1.11.0/stm32cubeide/plugins/com.st.stm32cube.ide.mcu.externaltools.gnu-tools-for-stm32.10.3-2021.10.win32_1.0.100.202210260954/tools/bin/../lib/gcc/arm-none-eabi/10.3.1/../../../../arm-none-eabi/lib/thumb/v7e-m+fp/hard\libc_nano.a(lib_a-impure.o)
                0x000000000800d534                _global_impure_ptr
 .rodata.__sf_fake_stderr
                0x000000000800d538       0x20 c:/st/stm32cubeide_1.11.0/stm32cubeide/plugins/com.st.stm32cube.ide.mcu.externaltools.gnu-tools-for-stm32.10.3-2021.10.win32_1.0.100.202210260954/tools/bin/../lib/gcc/arm-none-eabi/10.3.1/../../../../arm-none-eabi/lib/thumb/v7e-m+fp/hard\libc_nano.a(lib_a-findfp.o)
                0x000000000800d538                __sf_fake_stderr
 .rodata.__sf_fake_stdin
                0x000000000800d558       0x20 c:/st/stm32cubeide_1.11.0/stm32cubeide/plugins/com.st.stm32cube.ide.mcu.externaltools.gnu-tools-for-stm32.10.3-2021.10.win32_1.0.100.202210260954/tools/bin/../lib/gcc/arm-none-eabi/10.3.1/../../../../arm-none-eabi/lib/thumb/v7e-m+fp/hard\libc_nano.a(lib_a-findfp.o)
                0x000000000800d558                __sf_fake_stdin
 .rodata.__sf_fake_stdout
                0x000000000800d578       0x20 c:/st/stm32cubeide_1.11.0/stm32cubeide/plugins/com.st.stm32cube.ide.mcu.externaltools.gnu-tools-for-stm32.10.3-2021.10.win32_1.0.100.202210260954/tools/bin/../lib/gcc/arm-none-eabi/10.3.1/../../../../arm-none-eabi/lib/thumb/v7e-m+fp/hard\libc_nano.a(lib_a-findfp.o)
                0x000000000800d578                __sf_fake_stdout
 .rodata._vfprintf_r.str1.1
                0x000000000800d598       0x11 c:/st/stm32cubeide_1.11.0/stm32cubeide/plugins/com.st.stm32cube.ide.mcu.externaltools.gnu-tools-for-stm32.10.3-2021.10.win32_1.0.100.202210260954/tools/bin/../lib/gcc/arm-none-eabi/10.3.1/../../../../arm-none-eabi/lib/thumb/v7e-m+fp/hard\libc_nano.a(lib_a-nano-vfprintf.o)
 .rodata._printf_i.str1.1
                0x000000000800d5a9       0x22 c:/st/stm32cubeide_1.11.0/stm32cubeide/plugins/com.st.stm32cube.ide.mcu.externaltools.gnu-tools-for-stm32.10.3-2021.10.win32_1.0.100.202210260954/tools/bin/../lib/gcc/arm-none-eabi/10.3.1/../../../../arm-none-eabi/lib/thumb/v7e-m+fp/hard\libc_nano.a(lib_a-nano-vfprintf_i.o)
                0x000000000800d5cc                . = ALIGN (0x4)
 *fill*         0x000000000800d5cb        0x1 

.ARM.extab      0x000000000800d5cc        0x0
                0x000000000800d5cc                . = ALIGN (0x4)
 *(.ARM.extab* .gnu.linkonce.armextab.*)
                0x000000000800d5cc                . = ALIGN (0x4)

.ARM            0x000000000800d5cc        0x8
                0x000000000800d5cc                . = ALIGN (0x4)
                0x000000000800d5cc                __exidx_start = .
 *(.ARM.exidx*)
 .ARM.exidx     0x000000000800d5cc        0x8 c:/st/stm32cubeide_1.11.0/stm32cubeide/plugins/com.st.stm32cube.ide.mcu.externaltools.gnu-tools-for-stm32.10.3-2021.10.win32_1.0.100.202210260954/tools/bin/../lib/gcc/arm-none-eabi/10.3.1/thumb/v7e-m+fp/hard\libgcc.a(_udivmoddi4.o)
                0x000000000800d5d4                __exidx_end = .
                0x000000000800d5d4                . = ALIGN (0x4)

.rel.dyn        0x000000000800d5d4        0x0
 .rel.iplt      0x000000000800d5d4        0x0 c:/st/stm32cubeide_1.11.0/stm32cubeide/plugins/com.st.stm32cube.ide.mcu.externaltools.gnu-tools-for-stm32.10.3-2021.10.win32_1.0.100.202210260954/tools/bin/../lib/gcc/arm-none-eabi/10.3.1/thumb/v7e-m+fp/hard/crtbegin.o

.preinit_array  0x000000000800d5d4        0x0
                0x000000000800d5d4                . = ALIGN (0x4)
                0x000000000800d5d4                PROVIDE (__preinit_array_start = .)
 *(.preinit_array*)
                0x000000000800d5d4                PROVIDE (__preinit_array_end = .)
                0x000000000800d5d4                . = ALIGN (0x4)

.init_array     0x000000000800d5d4        0x4
                0x000000000800d5d4                . = ALIGN (0x4)
                0x000000000800d5d4                PROVIDE (__init_array_start = .)
 *(SORT_BY_NAME(.init_array.*))
 *(.init_array*)
 .init_array    0x000000000800d5d4        0x4 c:/st/stm32cubeide_1.11.0/stm32cubeide/plugins/com.st.stm32cube.ide.mcu.externaltools.gnu-tools-for-stm32.10.3-2021.10.win32_1.0.100.202210260954/tools/bin/../lib/gcc/arm-none-eabi/10.3.1/thumb/v7e-m+fp/hard/crtbegin.o
                0x000000000800d5d8                PROVIDE (__init_array_end = .)
                0x000000000800d5d8                . = ALIGN (0x4)

.fini_array     0x000000000800d5d8        0x4
                0x000000000800d5d8                . = ALIGN (0x4)
                [!provide]                        PROVIDE (__fini_array_start = .)
 *(SORT_BY_NAME(.fini_array.*))
 *(.fini_array*)
 .fini_array    0x000000000800d5d8        0x4 c:/st/stm32cubeide_1.11.0/stm32cubeide/plugins/com.st.stm32cube.ide.mcu.externaltools.gnu-tools-for-stm32.10.3-2021.10.win32_1.0.100.202210260954/tools/bin/../lib/gcc/arm-none-eabi/10.3.1/thumb/v7e-m+fp/hard/crtbegin.o
                [!provide]                        PROVIDE (__fini_array_end = .)
                0x000000000800d5dc                . = ALIGN (0x4)
                0x000000000800d5dc                _sidata = LOADADDR (.data)

.data           0x0000000020000000       0x94 load address 0x000000000800d5dc
                0x0000000020000000                . = ALIGN (0x4)