../Core/Src/main.c:74:1:__io_putchar	16	static
../Core/Src/main.c:111:5:main	48	static
../Core/Src/main.c:197:6:SystemClock_Config	88	static
../Core/Src/main.c:243:13:MX_CRC_Init	8	static
../Core/Src/main.c:269:13:MX_DMA2D_Init	8	static
../Core/Src/main.c:306:13:MX_I2C3_Init	8	static
../Core/Src/main.c:354:13:MX_LTDC_Init	64	static
../Core/Src/main.c:416:13:MX_SPI5_Init	8	static
../Core/Src/main.c:454:13:MX_TIM1_Init	32	static
../Core/Src/main.c:500:13:MX_USART1_UART_Init	8	static
../Core/Src/main.c:529:13:MX_FMC_Init	40	static
../Core/Src/main.c:580:13:MX_GPIO_Init	64	static
../Core/Src/main.c:671:6:StartDefaultTask	16	static
../Core/Src/main.c:686:6:StartLedTask	16	static
../Core/Src/main.c:698:6:myPrintFunction	16	static
../Core/Src/main.c:712:6:HAL_TIM_PeriodElapsedCallback	16	static
../Core/Src/main.c:729:6:Error_Handler	4	static,ignoring_inline_asm
